stm32l0xx_hw.c:95:6:HW_Init	8	static
stm32l0xx_hw.c:125:6:HW_DeInit	8	static
stm32l0xx_hw.c:179:6:HW_GpioInit	48	static
stm32l0xx_hw.c:244:6:SystemClock_Config	128	static
stm32l0xx_hw.c:313:10:HW_GetRandomSeed	0	static
stm32l0xx_hw.c:323:6:HW_GetUniqueId	8	static
stm32l0xx_hw.c:398:6:HW_AdcInit	8	static
stm32l0xx_hw.c:444:6:HW_AdcDeInit	8	static
stm32l0xx_hw.c:455:10:HW_AdcReadChannel	32	static
stm32l0xx_hw.c:335:10:HW_GetTemperatureLevel	16	static
stm32l0xx_hw.c:374:10:HW_GetBatteryLevel	8	static
stm32l0xx_hw.c:506:6:LPM_EnterStopMode	8	static,ignoring_inline_asm
stm32l0xx_hw.c:544:6:LPM_ExitStopMode	8	static,ignoring_inline_asm
stm32l0xx_hw.c:582:6:LPM_EnterSleepMode	8	static
