stm32l0xx_nucleo.c:152:10:BSP_GetVersion	0	static
stm32l0xx_nucleo.c:164:6:BSP_LED_Init	48	static
stm32l0xx_nucleo.c:191:6:BSP_LED_DeInit	16	static
stm32l0xx_nucleo.c:209:6:BSP_LED_On	8	static
stm32l0xx_nucleo.c:221:6:BSP_LED_Off	8	static
stm32l0xx_nucleo.c:233:6:BSP_LED_Toggle	8	static
stm32l0xx_nucleo.c:249:6:BSP_PB_Init	40	static
stm32l0xx_nucleo.c:287:6:BSP_PB_DeInit	8	static
stm32l0xx_nucleo.c:302:10:BSP_PB_GetState	8	static
stm32l0xx_nucleo.c:825:9:BSP_JOY_Init	48	static
stm32l0xx_nucleo.c:845:6:BSP_JOY_DeInit	8	static
stm32l0xx_nucleo.c:862:18:BSP_JOY_GetState	8	static
