i_nucleo_lrwan1_pressure.c:145:25:BSP_LPS25HB_PRESSURE_Init	16	static
i_nucleo_lrwan1_pressure.c:225:25:BSP_LPS22HB_PRESSURE_Init	16	static
i_nucleo_lrwan1_pressure.c:84:18:BSP_PRESSURE_Init	16	static
i_nucleo_lrwan1_pressure.c:286:18:BSP_PRESSURE_DeInit	16	static
i_nucleo_lrwan1_pressure.c:322:18:BSP_PRESSURE_Sensor_Enable	8	static
i_nucleo_lrwan1_pressure.c:355:18:BSP_PRESSURE_Sensor_Disable	8	static
i_nucleo_lrwan1_pressure.c:389:18:BSP_PRESSURE_IsInitialized	0	static
i_nucleo_lrwan1_pressure.c:416:18:BSP_PRESSURE_IsEnabled	0	static
i_nucleo_lrwan1_pressure.c:443:18:BSP_PRESSURE_IsCombo	0	static
i_nucleo_lrwan1_pressure.c:470:18:BSP_PRESSURE_Get_Instance	0	static
i_nucleo_lrwan1_pressure.c:497:18:BSP_PRESSURE_Get_WhoAmI	8	static
i_nucleo_lrwan1_pressure.c:533:18:BSP_PRESSURE_Check_WhoAmI	8	static
i_nucleo_lrwan1_pressure.c:566:18:BSP_PRESSURE_Get_Press	8	static
i_nucleo_lrwan1_pressure.c:603:18:BSP_PRESSURE_Get_ODR	8	static
i_nucleo_lrwan1_pressure.c:640:18:BSP_PRESSURE_Set_ODR	8	static
i_nucleo_lrwan1_pressure.c:673:18:BSP_PRESSURE_Set_ODR_Value	8	static
i_nucleo_lrwan1_pressure.c:707:18:BSP_PRESSURE_Read_Reg	8	static
i_nucleo_lrwan1_pressure.c:748:18:BSP_PRESSURE_Write_Reg	8	static
i_nucleo_lrwan1_pressure.c:783:18:BSP_PRESSURE_Get_DRDY_Status	8	static
i_nucleo_lrwan1_pressure.c:818:18:BSP_PRESSURE_FIFO_Get_Fth_Status_Ext	8	static
i_nucleo_lrwan1_pressure.c:868:18:BSP_PRESSURE_FIFO_Get_Full_Status_Ext	8	static
i_nucleo_lrwan1_pressure.c:919:18:BSP_PRESSURE_FIFO_Get_Ovr_Status_Ext	8	static
i_nucleo_lrwan1_pressure.c:971:18:BSP_PRESSURE_FIFO_Get_Data_Ext	16	static
i_nucleo_lrwan1_pressure.c:1022:18:BSP_PRESSURE_FIFO_Get_Num_Of_Samples_Ext	8	static
i_nucleo_lrwan1_pressure.c:1073:18:BSP_PRESSURE_FIFO_Set_Mode_Ext	8	static
i_nucleo_lrwan1_pressure.c:1119:18:BSP_PRESSURE_FIFO_Set_Interrupt_Ext	8	static
i_nucleo_lrwan1_pressure.c:1165:18:BSP_PRESSURE_FIFO_Reset_Interrupt_Ext	8	static
i_nucleo_lrwan1_pressure.c:1211:18:BSP_PRESSURE_FIFO_Set_Watermark_Level_Ext	8	static
i_nucleo_lrwan1_pressure.c:1257:18:BSP_PRESSURE_FIFO_Stop_On_Fth_Ext	8	static
i_nucleo_lrwan1_pressure.c:1303:18:BSP_PRESSURE_FIFO_Usage_Ext	8	static
