i_nucleo_lrwan1_wm_sg_sm_xx.c:141:12:Modem_IO_Init	8	static
i_nucleo_lrwan1_wm_sg_sm_xx.c:159:6:Modem_IO_DeInit	8	static
i_nucleo_lrwan1_wm_sg_sm_xx.c:766:19:at_cmd_responseAnalysing	24	static
i_nucleo_lrwan1_wm_sg_sm_xx.c:494:26:at_cmd_send	8	static
i_nucleo_lrwan1_wm_sg_sm_xx.c:510:19:at_cmd_receive	32	static
i_nucleo_lrwan1_wm_sg_sm_xx.c:792:19:at_cmd_AsyncEventAnalysing	16	static
i_nucleo_lrwan1_wm_sg_sm_xx.c:170:6:Modem_UART_Receive_IT	8	static
i_nucleo_lrwan1_wm_sg_sm_xx.c:842:10:at_cmd_vprintf	16	static
i_nucleo_lrwan1_wm_sg_sm_xx.c:292:16:at_cmd_format	152	static
i_nucleo_lrwan1_wm_sg_sm_xx.c:186:13:Modem_AT_Cmd	40	static
