i_nucleo_lrwan1_temperature.c:148:25:BSP_HTS221_TEMPERATURE_Init	24	static
i_nucleo_lrwan1_temperature.c:207:25:BSP_LPS25HB_TEMPERATURE_Init	16	static
i_nucleo_lrwan1_temperature.c:287:25:BSP_LPS22HB_TEMPERATURE_Init	16	static
i_nucleo_lrwan1_temperature.c:75:18:BSP_TEMPERATURE_Init	8	static
i_nucleo_lrwan1_temperature.c:348:18:BSP_TEMPERATURE_DeInit	16	static
i_nucleo_lrwan1_temperature.c:384:18:BSP_TEMPERATURE_Sensor_Enable	8	static
i_nucleo_lrwan1_temperature.c:417:18:BSP_TEMPERATURE_Sensor_Disable	8	static
i_nucleo_lrwan1_temperature.c:451:18:BSP_TEMPERATURE_IsInitialized	0	static
i_nucleo_lrwan1_temperature.c:478:18:BSP_TEMPERATURE_IsEnabled	0	static
i_nucleo_lrwan1_temperature.c:505:18:BSP_TEMPERATURE_IsCombo	0	static
i_nucleo_lrwan1_temperature.c:532:18:BSP_TEMPERATURE_Get_Instance	0	static
i_nucleo_lrwan1_temperature.c:560:18:BSP_TEMPERATURE_Get_WhoAmI	8	static
i_nucleo_lrwan1_temperature.c:596:18:BSP_TEMPERATURE_Check_WhoAmI	8	static
i_nucleo_lrwan1_temperature.c:629:18:BSP_TEMPERATURE_Get_Temp	8	static
i_nucleo_lrwan1_temperature.c:666:18:BSP_TEMPERATURE_Get_ODR	8	static
i_nucleo_lrwan1_temperature.c:703:18:BSP_TEMPERATURE_Set_ODR	8	static
i_nucleo_lrwan1_temperature.c:736:18:BSP_TEMPERATURE_Set_ODR_Value	8	static
i_nucleo_lrwan1_temperature.c:770:18:BSP_TEMPERATURE_Read_Reg	8	static
i_nucleo_lrwan1_temperature.c:810:18:BSP_TEMPERATURE_Write_Reg	8	static
i_nucleo_lrwan1_temperature.c:844:18:BSP_TEMPERATURE_Get_DRDY_Status	8	static
i_nucleo_lrwan1_temperature.c:878:18:BSP_TEMPERATURE_FIFO_Get_Fth_Status_Ext	8	static
i_nucleo_lrwan1_temperature.c:928:18:BSP_TEMPERATURE_FIFO_Get_Full_Status_Ext	8	static
i_nucleo_lrwan1_temperature.c:979:18:BSP_TEMPERATURE_FIFO_Get_Ovr_Status_Ext	8	static
i_nucleo_lrwan1_temperature.c:1031:18:BSP_TEMPERATURE_FIFO_Get_Data_Ext	16	static
i_nucleo_lrwan1_temperature.c:1082:18:BSP_TEMPERATURE_FIFO_Get_Num_Of_Samples_Ext	8	static
i_nucleo_lrwan1_temperature.c:1133:18:BSP_TEMPERATURE_FIFO_Set_Mode_Ext	8	static
i_nucleo_lrwan1_temperature.c:1179:18:BSP_TEMPERATURE_FIFO_Set_Interrupt_Ext	8	static
i_nucleo_lrwan1_temperature.c:1225:18:BSP_TEMPERATURE_FIFO_Reset_Interrupt_Ext	8	static
i_nucleo_lrwan1_temperature.c:1271:18:BSP_TEMPERATURE_FIFO_Set_Watermark_Level_Ext	8	static
i_nucleo_lrwan1_temperature.c:1317:18:BSP_TEMPERATURE_FIFO_Stop_On_Fth_Ext	8	static
i_nucleo_lrwan1_temperature.c:1363:18:BSP_TEMPERATURE_FIFO_Usage_Ext	8	static
