i_nucleo_lrwan1_humidity.c:101:25:BSP_HTS221_HUMIDITY_Init	24	static
i_nucleo_lrwan1_humidity.c:70:18:BSP_HUMIDITY_Init	8	static
i_nucleo_lrwan1_humidity.c:159:18:BSP_HUMIDITY_DeInit	16	static
i_nucleo_lrwan1_humidity.c:197:18:BSP_HUMIDITY_Sensor_Enable	8	static
i_nucleo_lrwan1_humidity.c:231:18:BSP_HUMIDITY_Sensor_Disable	8	static
i_nucleo_lrwan1_humidity.c:265:18:BSP_HUMIDITY_IsInitialized	0	static
i_nucleo_lrwan1_humidity.c:292:18:BSP_HUMIDITY_IsEnabled	0	static
i_nucleo_lrwan1_humidity.c:319:18:BSP_HUMIDITY_IsCombo	0	static
i_nucleo_lrwan1_humidity.c:346:18:BSP_HUMIDITY_Get_Instance	0	static
i_nucleo_lrwan1_humidity.c:374:18:BSP_HUMIDITY_Get_WhoAmI	8	static
i_nucleo_lrwan1_humidity.c:411:18:BSP_HUMIDITY_Check_WhoAmI	8	static
i_nucleo_lrwan1_humidity.c:445:18:BSP_HUMIDITY_Get_Hum	8	static
i_nucleo_lrwan1_humidity.c:483:18:BSP_HUMIDITY_Get_ODR	8	static
i_nucleo_lrwan1_humidity.c:521:18:BSP_HUMIDITY_Set_ODR	8	static
i_nucleo_lrwan1_humidity.c:555:18:BSP_HUMIDITY_Set_ODR_Value	8	static
i_nucleo_lrwan1_humidity.c:589:18:BSP_HUMIDITY_Read_Reg	8	static
i_nucleo_lrwan1_humidity.c:630:18:BSP_HUMIDITY_Write_Reg	8	static
i_nucleo_lrwan1_humidity.c:665:18:BSP_HUMIDITY_Get_DRDY_Status	8	static
