Archive member included to satisfy reference by file (symbol)

c:/st/stm32cubeide_1.6.0/stm32cubeide/plugins/com.st.stm32cube.ide.mcu.externaltools.gnu-tools-for-stm32.9-2020-q2-update.win32_1.5.0.202011040924/tools/bin/../lib/gcc/arm-none-eabi/9.3.1/../../../../arm-none-eabi/lib/thumb/v6-m/nofp\libc_nano.a(lib_a-exit.o)
                              c:/st/stm32cubeide_1.6.0/stm32cubeide/plugins/com.st.stm32cube.ide.mcu.externaltools.gnu-tools-for-stm32.9-2020-q2-update.win32_1.5.0.202011040924/tools/bin/../lib/gcc/arm-none-eabi/9.3.1/../../../../arm-none-eabi/lib/thumb/v6-m/nofp/crt0.o (exit)
c:/st/stm32cubeide_1.6.0/stm32cubeide/plugins/com.st.stm32cube.ide.mcu.externaltools.gnu-tools-for-stm32.9-2020-q2-update.win32_1.5.0.202011040924/tools/bin/../lib/gcc/arm-none-eabi/9.3.1/../../../../arm-none-eabi/lib/thumb/v6-m/nofp\libc_nano.a(lib_a-impure.o)
                              c:/st/stm32cubeide_1.6.0/stm32cubeide/plugins/com.st.stm32cube.ide.mcu.externaltools.gnu-tools-for-stm32.9-2020-q2-update.win32_1.5.0.202011040924/tools/bin/../lib/gcc/arm-none-eabi/9.3.1/../../../../arm-none-eabi/lib/thumb/v6-m/nofp\libc_nano.a(lib_a-exit.o) (_global_impure_ptr)
c:/st/stm32cubeide_1.6.0/stm32cubeide/plugins/com.st.stm32cube.ide.mcu.externaltools.gnu-tools-for-stm32.9-2020-q2-update.win32_1.5.0.202011040924/tools/bin/../lib/gcc/arm-none-eabi/9.3.1/../../../../arm-none-eabi/lib/thumb/v6-m/nofp\libc_nano.a(lib_a-init.o)
                              c:/st/stm32cubeide_1.6.0/stm32cubeide/plugins/com.st.stm32cube.ide.mcu.externaltools.gnu-tools-for-stm32.9-2020-q2-update.win32_1.5.0.202011040924/tools/bin/../lib/gcc/arm-none-eabi/9.3.1/../../../../arm-none-eabi/lib/thumb/v6-m/nofp/crt0.o (__libc_init_array)
c:/st/stm32cubeide_1.6.0/stm32cubeide/plugins/com.st.stm32cube.ide.mcu.externaltools.gnu-tools-for-stm32.9-2020-q2-update.win32_1.5.0.202011040924/tools/bin/../lib/gcc/arm-none-eabi/9.3.1/../../../../arm-none-eabi/lib/thumb/v6-m/nofp\libc_nano.a(lib_a-memcpy-stub.o)
                              Application/User/lora_driver.o (memcpy)
c:/st/stm32cubeide_1.6.0/stm32cubeide/plugins/com.st.stm32cube.ide.mcu.externaltools.gnu-tools-for-stm32.9-2020-q2-update.win32_1.5.0.202011040924/tools/bin/../lib/gcc/arm-none-eabi/9.3.1/../../../../arm-none-eabi/lib/thumb/v6-m/nofp\libc_nano.a(lib_a-memset.o)
                              c:/st/stm32cubeide_1.6.0/stm32cubeide/plugins/com.st.stm32cube.ide.mcu.externaltools.gnu-tools-for-stm32.9-2020-q2-update.win32_1.5.0.202011040924/tools/bin/../lib/gcc/arm-none-eabi/9.3.1/../../../../arm-none-eabi/lib/thumb/v6-m/nofp/crt0.o (memset)
c:/st/stm32cubeide_1.6.0/stm32cubeide/plugins/com.st.stm32cube.ide.mcu.externaltools.gnu-tools-for-stm32.9-2020-q2-update.win32_1.5.0.202011040924/tools/bin/../lib/gcc/arm-none-eabi/9.3.1/../../../../arm-none-eabi/lib/thumb/v6-m/nofp\libc_nano.a(lib_a-printf.o)
                              Drivers/BSP/Components/HTS221_Driver.o (printf)
c:/st/stm32cubeide_1.6.0/stm32cubeide/plugins/com.st.stm32cube.ide.mcu.externaltools.gnu-tools-for-stm32.9-2020-q2-update.win32_1.5.0.202011040924/tools/bin/../lib/gcc/arm-none-eabi/9.3.1/../../../../arm-none-eabi/lib/thumb/v6-m/nofp\libc_nano.a(lib_a-strchr.o)
                              Application/User/lora_driver.o (strchr)
c:/st/stm32cubeide_1.6.0/stm32cubeide/plugins/com.st.stm32cube.ide.mcu.externaltools.gnu-tools-for-stm32.9-2020-q2-update.win32_1.5.0.202011040924/tools/bin/../lib/gcc/arm-none-eabi/9.3.1/../../../../arm-none-eabi/lib/thumb/v6-m/nofp\libc_nano.a(lib_a-strcpy.o)
                              Application/User/lora_driver.o (strcpy)
c:/st/stm32cubeide_1.6.0/stm32cubeide/plugins/com.st.stm32cube.ide.mcu.externaltools.gnu-tools-for-stm32.9-2020-q2-update.win32_1.5.0.202011040924/tools/bin/../lib/gcc/arm-none-eabi/9.3.1/../../../../arm-none-eabi/lib/thumb/v6-m/nofp\libc_nano.a(lib_a-strlen.o)
                              Application/User/lora_driver.o (strlen)
c:/st/stm32cubeide_1.6.0/stm32cubeide/plugins/com.st.stm32cube.ide.mcu.externaltools.gnu-tools-for-stm32.9-2020-q2-update.win32_1.5.0.202011040924/tools/bin/../lib/gcc/arm-none-eabi/9.3.1/../../../../arm-none-eabi/lib/thumb/v6-m/nofp\libc_nano.a(lib_a-strncmp.o)
                              Drivers/BSP/I_NUCLEO_LRWAN1/i_nucleo_lrwan1_wm_sg_sm_xx.o (strncmp)
c:/st/stm32cubeide_1.6.0/stm32cubeide/plugins/com.st.stm32cube.ide.mcu.externaltools.gnu-tools-for-stm32.9-2020-q2-update.win32_1.5.0.202011040924/tools/bin/../lib/gcc/arm-none-eabi/9.3.1/../../../../arm-none-eabi/lib/thumb/v6-m/nofp\libc_nano.a(lib_a-findfp.o)
                              c:/st/stm32cubeide_1.6.0/stm32cubeide/plugins/com.st.stm32cube.ide.mcu.externaltools.gnu-tools-for-stm32.9-2020-q2-update.win32_1.5.0.202011040924/tools/bin/../lib/gcc/arm-none-eabi/9.3.1/../../../../arm-none-eabi/lib/thumb/v6-m/nofp\libc_nano.a(lib_a-printf.o) (__sinit)
[...]
Memory Configuration

Name             Origin             Length             Attributes
RAM              0x0000000020000000 0x0000000000005000 xrw
FLASH            0x0000000008000000 0x0000000000030000 xr
*default*        0x0000000000000000 0xffffffffffffffff

Linker script and memory map

LOAD c:/st/stm32cubeide_1.6.0/stm32cubeide/plugins/com.st.stm32cube.ide.mcu.externaltools.gnu-tools-for-stm32.9-2020-q2-update.win32_1.5.0.202011040924/tools/bin/../lib/gcc/arm-none-eabi/9.3.1/thumb/v6-m/nofp/crti.o
LOAD c:/st/stm32cubeide_1.6.0/stm32cubeide/plugins/com.st.stm32cube.ide.mcu.externaltools.gnu-tools-for-stm32.9-2020-q2-update.win32_1.5.0.202011040924/tools/bin/../lib/gcc/arm-none-eabi/9.3.1/thumb/v6-m/nofp/crtbegin.o
LOAD c:/st/stm32cubeide_1.6.0/stm32cubeide/plugins/com.st.stm32cube.ide.mcu.externaltools.gnu-tools-for-stm32.9-2020-q2-update.win32_1.5.0.202011040924/tools/bin/../lib/gcc/arm-none-eabi/9.3.1/../../../../arm-none-eabi/lib/thumb/v6-m/nofp/crt0.o
LOAD Application/SW4STM32/startup_stm32l073xx.o
LOAD Application/User/bsp.o
LOAD Application/User/debug.o
LOAD Application/User/ee.o
LOAD Application/User/hw_gpio.o
LOAD Application/User/hw_rtc.o
LOAD Application/User/hw_usart.o
LOAD Application/User/lora_driver.o
LOAD Application/User/main.o
LOAD Application/User/stm32l0xx_hal_msp.o
LOAD Application/User/stm32l0xx_hw.o
LOAD Application/User/stm32l0xx_it.o
LOAD Application/User/tiny_sscanf.o
LOAD Application/User/tiny_vsnprintf.o
LOAD Drivers/BSP/Components/HTS221_Driver.o
LOAD Drivers/BSP/Components/HTS221_Driver_HL.o
LOAD Drivers/BSP/Components/LPS22HB_Driver.o
LOAD Drivers/BSP/Components/LPS22HB_Driver_HL.o
LOAD Drivers/BSP/Components/LPS25HB_Driver.o
LOAD Drivers/BSP/Components/LPS25HB_Driver_HL.o
LOAD Drivers/BSP/I_NUCLEO_LRWAN1/i_nucleo_lrwan1.o
LOAD Drivers/BSP/I_NUCLEO_LRWAN1/i_nucleo_lrwan1_humidity.o
LOAD Drivers/BSP/I_NUCLEO_LRWAN1/i_nucleo_lrwan1_pressure.o
LOAD Drivers/BSP/I_NUCLEO_LRWAN1/i_nucleo_lrwan1_temperature.o
LOAD Drivers/BSP/I_NUCLEO_LRWAN1/i_nucleo_lrwan1_wm_sg_sm_xx.o
LOAD Drivers/BSP/STM32L0xx_Nucleo/stm32l0xx_nucleo.o
LOAD Drivers/CMSIS/system_stm32l0xx.o
LOAD Drivers/STM32L0xx_HAL_Driver/stm32l0xx_hal.o
LOAD Drivers/STM32L0xx_HAL_Driver/stm32l0xx_hal_adc.o
LOAD Drivers/STM32L0xx_HAL_Driver/stm32l0xx_hal_adc_ex.o
LOAD Drivers/STM32L0xx_HAL_Driver/stm32l0xx_hal_cortex.o
LOAD Drivers/STM32L0xx_HAL_Driver/stm32l0xx_hal_dma.o
LOAD Drivers/STM32L0xx_HAL_Driver/stm32l0xx_hal_flash.o
LOAD Drivers/STM32L0xx_HAL_Driver/stm32l0xx_hal_flash_ex.o
LOAD Drivers/STM32L0xx_HAL_Driver/stm32l0xx_hal_flash_ramfunc.o
LOAD Drivers/STM32L0xx_HAL_Driver/stm32l0xx_hal_gpio.o
LOAD Drivers/STM32L0xx_HAL_Driver/stm32l0xx_hal_i2c.o
LOAD Drivers/STM32L0xx_HAL_Driver/stm32l0xx_hal_i2c_ex.o
LOAD Drivers/STM32L0xx_HAL_Driver/stm32l0xx_hal_pwr.o
LOAD Drivers/STM32L0xx_HAL_Driver/stm32l0xx_hal_pwr_ex.o
LOAD Drivers/STM32L0xx_HAL_Driver/stm32l0xx_hal_rcc.o
LOAD Drivers/STM32L0xx_HAL_Driver/stm32l0xx_hal_rcc_ex.o
LOAD Drivers/STM32L0xx_HAL_Driver/stm32l0xx_hal_rtc.o
LOAD Drivers/STM32L0xx_HAL_Driver/stm32l0xx_hal_rtc_ex.o
LOAD Drivers/STM32L0xx_HAL_Driver/stm32l0xx_hal_tim.o
LOAD Drivers/STM32L0xx_HAL_Driver/stm32l0xx_hal_tim_ex.o
LOAD Drivers/STM32L0xx_HAL_Driver/stm32l0xx_hal_uart.o
LOAD Drivers/STM32L0xx_HAL_Driver/stm32l0xx_hal_uart_ex.o
LOAD Middlewares/loRaWAN/Utilities/low_power_manager.o
LOAD Middlewares/loRaWAN/Utilities/timeServer.o
LOAD Middlewares/loRaWAN/Utilities/utilities.o
START GROUP
LOAD c:/st/stm32cubeide_1.6.0/stm32cubeide/plugins/com.st.stm32cube.ide.mcu.externaltools.gnu-tools-for-stm32.9-2020-q2-update.win32_1.5.0.202011040924/tools/bin/../lib/gcc/arm-none-eabi/9.3.1/../../../../arm-none-eabi/lib/thumb/v6-m/nofp\libc_nano.a
LOAD c:/st/stm32cubeide_1.6.0/stm32cubeide/plugins/com.st.stm32cube.ide.mcu.externaltools.gnu-tools-for-stm32.9-2020-q2-update.win32_1.5.0.202011040924/tools/bin/../lib/gcc/arm-none-eabi/9.3.1/../../../../arm-none-eabi/lib/thumb/v6-m/nofp\libm.a
END GROUP
START GROUP
LOAD c:/st/stm32cubeide_1.6.0/stm32cubeide/plugins/com.st.stm32cube.ide.mcu.externaltools.gnu-tools-for-stm32.9-2020-q2-update.win32_1.5.0.202011040924/tools/bin/../lib/gcc/arm-none-eabi/9.3.1/thumb/v6-m/nofp\libgcc.a
LOAD c:/st/stm32cubeide_1.6.0/stm32cubeide/plugins/com.st.stm32cube.ide.mcu.externaltools.gnu-tools-for-stm32.9-2020-q2-update.win32_1.5.0.202011040924/tools/bin/../lib/gcc/arm-none-eabi/9.3.1/../../../../arm-none-eabi/lib/thumb/v6-m/nofp\libc_nano.a
END GROUP
START GROUP
LOAD c:/st/stm32cubeide_1.6.0/stm32cubeide/plugins/com.st.stm32cube.ide.mcu.externaltools.gnu-tools-for-stm32.9-2020-q2-update.win32_1.5.0.202011040924/tools/bin/../lib/gcc/arm-none-eabi/9.3.1/thumb/v6-m/nofp\libgcc.a
LOAD c:/st/stm32cubeide_1.6.0/stm32cubeide/plugins/com.st.stm32cube.ide.mcu.externaltools.gnu-tools-for-stm32.9-2020-q2-update.win32_1.5.0.202011040924/tools/bin/../lib/gcc/arm-none-eabi/9.3.1/../../../../arm-none-eabi/lib/thumb/v6-m/nofp\libc_nano.a
LOAD c:/st/stm32cubeide_1.6.0/stm32cubeide/plugins/com.st.stm32cube.ide.mcu.externaltools.gnu-tools-for-stm32.9-2020-q2-update.win32_1.5.0.202011040924/tools/bin/../lib/gcc/arm-none-eabi/9.3.1/../../../../arm-none-eabi/lib/thumb/v6-m/nofp\libnosys.a
END GROUP
START GROUP
LOAD c:/st/stm32cubeide_1.6.0/stm32cubeide/plugins/com.st.stm32cube.ide.mcu.externaltools.gnu-tools-for-stm32.9-2020-q2-update.win32_1.5.0.202011040924/tools/bin/../lib/gcc/arm-none-eabi/9.3.1/thumb/v6-m/nofp\libgcc.a
LOAD c:/st/stm32cubeide_1.6.0/stm32cubeide/plugins/com.st.stm32cube.ide.mcu.externaltools.gnu-tools-for-stm32.9-2020-q2-update.win32_1.5.0.202011040924/tools/bin/../lib/gcc/arm-none-eabi/9.3.1/../../../../arm-none-eabi/lib/thumb/v6-m/nofp\libc_nano.a
LOAD c:/st/stm32cubeide_1.6.0/stm32cubeide/plugins/com.st.stm32cube.ide.mcu.externaltools.gnu-tools-for-stm32.9-2020-q2-update.win32_1.5.0.202011040924/tools/bin/../lib/gcc/arm-none-eabi/9.3.1/../../../../arm-none-eabi/lib/thumb/v6-m/nofp\libnosys.a
END GROUP
LOAD c:/st/stm32cubeide_1.6.0/stm32cubeide/plugins/com.st.stm32cube.ide.mcu.externaltools.gnu-tools-for-stm32.9-2020-q2-update.win32_1.5.0.202011040924/tools/bin/../lib/gcc/arm-none-eabi/9.3.1/thumb/v6-m/nofp/crtend.o
LOAD c:/st/stm32cubeide_1.6.0/stm32cubeide/plugins/com.st.stm32cube.ide.mcu.externaltools.gnu-tools-for-stm32.9-2020-q2-update.win32_1.5.0.202011040924/tools/bin/../lib/gcc/arm-none-eabi/9.3.1/thumb/v6-m/nofp/crtn.o
                0x0000000020005000                _estack = 0x20005000
                0x0000000000000200                _Min_Heap_Size = 0x200
                0x0000000000000600                _Min_Stack_Size = 0x600

.isr_vector     0x0000000008000000       0xc0
                0x0000000008000000                . = ALIGN (0x4)
 *(.isr_vector)
 .isr_vector    0x0000000008000000       0xc0 Application/SW4STM32/startup_stm32l073xx.o
                0x0000000008000000                g_pfnVectors
                0x00000000080000c0                . = ALIGN (0x4)

.text           0x00000000080000c0     0x85a8
                0x00000000080000c0                . = ALIGN (0x4)
 *(.text)
 .text          0x00000000080000c0       0x48 c:/st/stm32cubeide_1.6.0/stm32cubeide/plugins/com.st.stm32cube.ide.mcu.externaltools.gnu-tools-for-stm32.9-2020-q2-update.win32_1.5.0.202011040924/tools/bin/../lib/gcc/arm-none-eabi/9.3.1/thumb/v6-m/nofp/crtbegin.o
 .text          0x0000000008000108        0xe c:/st/stm32cubeide_1.6.0/stm32cubeide/plugins/com.st.stm32cube.ide.mcu.externaltools.gnu-tools-for-stm32.9-2020-q2-update.win32_1.5.0.202011040924/tools/bin/../lib/gcc/arm-none-eabi/9.3.1/../../../../arm-none-eabi/lib/thumb/v6-m/nofp\libc_nano.a(lib_a-strlen.o)
                0x0000000008000108                strlen
 *fill*         0x0000000008000116        0x2 
 .text          0x0000000008000118       0x14 c:/st/stm32cubeide_1.6.0/stm32cubeide/plugins/com.st.stm32cube.ide.mcu.externaltools.gnu-tools-for-stm32.9-2020-q2-update.win32_1.5.0.202011040924/tools/bin/../lib/gcc/arm-none-eabi/9.3.1/thumb/v6-m/nofp\libgcc.a(_thumb1_case_uqi.o)
                0x0000000008000118                __gnu_thumb1_case_uqi
 .text          0x000000000800012c       0x14 c:/st/stm32cubeide_1.6.0/stm32cubeide/plugins/com.st.stm32cube.ide.mcu.externaltools.gnu-tools-for-stm32.9-2020-q2-update.win32_1.5.0.202011040924/tools/bin/../lib/gcc/arm-none-eabi/9.3.1/thumb/v6-m/nofp\libgcc.a(_thumb1_case_shi.o)
                0x000000000800012c                __gnu_thumb1_case_shi
 .text          0x0000000008000140       0x14 c:/st/stm32cubeide_1.6.0/stm32cubeide/plugins/com.st.stm32cube.ide.mcu.externaltools.gnu-tools-for-stm32.9-2020-q2-update.win32_1.5.0.202011040924/tools/bin/../lib/gcc/arm-none-eabi/9.3.1/thumb/v6-m/nofp\libgcc.a(_thumb1_case_uhi.o)
                0x0000000008000140                __gnu_thumb1_case_uhi
 .text          0x0000000008000154      0x114 c:/st/stm32cubeide_1.6.0/stm32cubeide/plugins/com.st.stm32cube.ide.mcu.externaltools.gnu-tools-for-stm32.9-2020-q2-update.win32_1.5.0.202011040924/tools/bin/../lib/gcc/arm-none-eabi/9.3.1/thumb/v6-m/nofp\libgcc.a(_udivsi3.o)
                0x0000000008000154                __aeabi_uidiv
                0x0000000008000154                __udivsi3
                0x0000000008000260                __aeabi_uidivmod
 .text          0x0000000008000268      0x1d4 c:/st/stm32cubeide_1.6.0/stm32cubeide/plugins/com.st.stm32cube.ide.mcu.externaltools.gnu-tools-for-stm32.9-2020-q2-update.win32_1.5.0.202011040924/tools/bin/../lib/gcc/arm-none-eabi/9.3.1/thumb/v6-m/nofp\libgcc.a(_divsi3.o)
                0x0000000008000268                __divsi3
                0x0000000008000268                __aeabi_idiv
                0x0000000008000434                __aeabi_idivmod
 .text          0x000000000800043c        0x4 c:/st/stm32cubeide_1.6.0/stm32cubeide/plugins/com.st.stm32cube.ide.mcu.externaltools.gnu-tools-for-stm32.9-2020-q2-update.win32_1.5.0.202011040924/tools/bin/../lib/gcc/arm-none-eabi/9.3.1/thumb/v6-m/nofp\libgcc.a(_dvmd_tls.o)
                0x000000000800043c                __aeabi_idiv0
                0x000000000800043c                __aeabi_ldiv0
 .text          0x0000000008000440       0x74 c:/st/stm32cubeide_1.6.0/stm32cubeide/plugins/com.st.stm32cube.ide.mcu.externaltools.gnu-tools-for-stm32.9-2020-q2-update.win32_1.5.0.202011040924/tools/bin/../lib/gcc/arm-none-eabi/9.3.1/thumb/v6-m/nofp\libgcc.a(_arm_cmpsf2.o)
                0x0000000008000440                __aeabi_cfrcmple
                0x0000000008000448                __aeabi_cfcmpeq
                0x0000000008000448                __aeabi_cfcmple
                0x0000000008000458                __aeabi_fcmpeq
                0x0000000008000464                __aeabi_fcmplt
                0x0000000008000478                __aeabi_fcmple
                0x000000000800048c                __aeabi_fcmpgt
                0x00000000080004a0                __aeabi_fcmpge
 .text          0x00000000080004b4       0x40 c:/st/stm32cubeide_1.6.0/stm32cubeide/plugins/com.st.stm32cube.ide.mcu.externaltools.gnu-tools-for-stm32.9-2020-q2-update.win32_1.5.0.202011040924/tools/bin/../lib/gcc/arm-none-eabi/9.3.1/thumb/v6-m/nofp\libgcc.a(_aeabi_uldivmod.o)
                0x00000000080004b4                __aeabi_uldivmod
 .text          0x00000000080004f4       0x50 c:/st/stm32cubeide_1.6.0/stm32cubeide/plugins/com.st.stm32cube.ide.mcu.externaltools.gnu-tools-for-stm32.9-2020-q2-update.win32_1.5.0.202011040924/tools/bin/../lib/gcc/arm-none-eabi/9.3.1/thumb/v6-m/nofp\libgcc.a(_muldi3.o)
                0x00000000080004f4                __muldi3
                0x00000000080004f4                __aeabi_lmul
 .text          0x0000000008000544       0x30 c:/st/stm32cubeide_1.6.0/stm32cubeide/plugins/com.st.stm32cube.ide.mcu.externaltools.gnu-tools-for-stm32.9-2020-q2-update.win32_1.5.0.202011040924/tools/bin/../lib/gcc/arm-none-eabi/9.3.1/thumb/v6-m/nofp\libgcc.a(_fixunssfsi.o)
                0x0000000008000544                __fixunssfsi
                0x0000000008000544                __aeabi_f2uiz
 .text          0x0000000008000574      0x198 c:/st/stm32cubeide_1.6.0/stm32cubeide/plugins/com.st.stm32cube.ide.mcu.externaltools.gnu-tools-for-stm32.9-2020-q2-update.win32_1.5.0.202011040924/tools/bin/../lib/gcc/arm-none-eabi/9.3.1/thumb/v6-m/nofp\libgcc.a(_udivmoddi4.o)
                0x0000000008000574                __udivmoddi4
 .text          0x000000000800070c      0x338 c:/st/stm32cubeide_1.6.0/stm32cubeide/plugins/com.st.stm32cube.ide.mcu.externaltools.gnu-tools-for-stm32.9-2020-q2-update.win32_1.5.0.202011040924/tools/bin/../lib/gcc/arm-none-eabi/9.3.1/thumb/v6-m/nofp\libgcc.a(addsf3.o)
                0x000000000800070c                __aeabi_fadd
 .text          0x0000000008000a44      0x218 c:/st/stm32cubeide_1.6.0/stm32cubeide/plugins/com.st.stm32cube.ide.mcu.externaltools.gnu-tools-for-stm32.9-2020-q2-update.win32_1.5.0.202011040924/tools/bin/../lib/gcc/arm-none-eabi/9.3.1/thumb/v6-m/nofp\libgcc.a(divsf3.o)
                0x0000000008000a44                __aeabi_fdiv
 .text          0x0000000008000c5c       0x50 c:/st/stm32cubeide_1.6.0/stm32cubeide/plugins/com.st.stm32cube.ide.mcu.externaltools.gnu-tools-for-stm32.9-2020-q2-update.win32_1.5.0.202011040924/tools/bin/../lib/gcc/arm-none-eabi/9.3.1/thumb/v6-m/nofp\libgcc.a(eqsf2.o)
                0x0000000008000c5c                __eqsf2
                0x0000000008000c5c                __nesf2
 .text          0x0000000008000cac       0x98 c:/st/stm32cubeide_1.6.0/stm32cubeide/plugins/com.st.stm32cube.ide.mcu.externaltools.gnu-tools-for-stm32.9-2020-q2-update.win32_1.5.0.202011040924/tools/bin/../lib/gcc/arm-none-eabi/9.3.1/thumb/v6-m/nofp\libgcc.a(gesf2.o)
                0x0000000008000cac                __gesf2
                0x0000000008000cac                __gtsf2
 .text          0x0000000008000d44       0x94 c:/st/stm32cubeide_1.6.0/stm32cubeide/plugins/com.st.stm32cube.ide.mcu.externaltools.gnu-tools-for-stm32.9-2020-q2-update.win32_1.5.0.202011040924/tools/bin/../lib/gcc/arm-none-eabi/9.3.1/thumb/v6-m/nofp\libgcc.a(lesf2.o)
                0x0000000008000d44                __ltsf2
                0x0000000008000d44                __lesf2
 .text          0x0000000008000dd8      0x234 c:/st/stm32cubeide_1.6.0/stm32cubeide/plugins/com.st.stm32cube.ide.mcu.externaltools.gnu-tools-for-stm32.9-2020-q2-update.win32_1.5.0.202011040924/tools/bin/../lib/gcc/arm-none-eabi/9.3.1/thumb/v6-m/nofp\libgcc.a(mulsf3.o)
                0x0000000008000dd8                __aeabi_fmul
 .text          0x000000000800100c      0x390 c:/st/stm32cubeide_1.6.0/stm32cubeide/plugins/com.st.stm32cube.ide.mcu.externaltools.gnu-tools-for-stm32.9-2020-q2-update.win32_1.5.0.202011040924/tools/bin/../lib/gcc/arm-none-eabi/9.3.1/thumb/v6-m/nofp\libgcc.a(subsf3.o)
                0x000000000800100c                __aeabi_fsub
 .text          0x000000000800139c       0x40 c:/st/stm32cubeide_1.6.0/stm32cubeide/plugins/com.st.stm32cube.ide.mcu.externaltools.gnu-tools-for-stm32.9-2020-q2-update.win32_1.5.0.202011040924/tools/bin/../lib/gcc/arm-none-eabi/9.3.1/thumb/v6-m/nofp\libgcc.a(fixsfsi.o)
                0x000000000800139c                __aeabi_f2iz
 .text          0x00000000080013dc       0x8c c:/st/stm32cubeide_1.6.0/stm32cubeide/plugins/com.st.stm32cube.ide.mcu.externaltools.gnu-tools-for-stm32.9-2020-q2-update.win32_1.5.0.202011040924/tools/bin/../lib/gcc/arm-none-eabi/9.3.1/thumb/v6-m/nofp\libgcc.a(floatsisf.o)
                0x00000000080013dc                __aeabi_i2f
 .text          0x0000000008001468       0x78 c:/st/stm32cubeide_1.6.0/stm32cubeide/plugins/com.st.stm32cube.ide.mcu.externaltools.gnu-tools-for-stm32.9-2020-q2-update.win32_1.5.0.202011040924/tools/bin/../lib/gcc/arm-none-eabi/9.3.1/thumb/v6-m/nofp\libgcc.a(floatunsisf.o)
                0x0000000008001468                __aeabi_ui2f
 .text          0x00000000080014e0       0x3c c:/st/stm32cubeide_1.6.0/stm32cubeide/plugins/com.st.stm32cube.ide.mcu.externaltools.gnu-tools-for-stm32.9-2020-q2-update.win32_1.5.0.202011040924/tools/bin/../lib/gcc/arm-none-eabi/9.3.1/thumb/v6-m/nofp\libgcc.a(_clzsi2.o)
                0x00000000080014e0                __clzsi2
 .text          0x000000000800151c       0x18 c:/st/stm32cubeide_1.6.0/stm32cubeide/plugins/com.st.stm32cube.ide.mcu.externaltools.gnu-tools-for-stm32.9-2020-q2-update.win32_1.5.0.202011040924/tools/bin/../lib/gcc/arm-none-eabi/9.3.1/thumb/v6-m/nofp\libgcc.a(_clzdi2.o)
                0x000000000800151c                __clzdi2
 *(.text*)
 .text.Reset_Handler
                0x0000000008001534       0x50 Application/SW4STM32/startup_stm32l073xx.o
                0x0000000008001534                Reset_Handler
 .text.Default_Handler
                0x0000000008001584        0x2 Application/SW4STM32/startup_stm32l073xx.o
                0x0000000008001584                TSC_IRQHandler
                0x0000000008001584                HardFault_Handler
                0x0000000008001584                ADC1_COMP_IRQHandler
                0x0000000008001584                PVD_IRQHandler
                0x0000000008001584                PendSV_Handler
                0x0000000008001584                NMI_Handler
                0x0000000008001584                I2C1_IRQHandler
                0x0000000008001584                RCC_CRS_IRQHandler
                0x0000000008001584                SPI1_IRQHandler
                0x0000000008001584                TIM6_DAC_IRQHandler
                0x0000000008001584                EXTI2_3_IRQHandler
                0x0000000008001584                I2C2_IRQHandler
                0x0000000008001584                LCD_IRQHandler
                0x0000000008001584                DMA1_Channel4_5_6_7_IRQHandler
                0x0000000008001584                TIM3_IRQHandler
                0x0000000008001584                DMA1_Channel1_IRQHandler
                0x0000000008001584                USART4_5_IRQHandler
                0x0000000008001584                Default_Handler
                0x0000000008001584                TIM22_IRQHandler
                0x0000000008001584                TIM7_IRQHandler
                0x0000000008001584                EXTI0_1_IRQHandler
                0x0000000008001584                USB_IRQHandler
                0x0000000008001584                I2C3_IRQHandler
                0x0000000008001584                SPI2_IRQHandler
                0x0000000008001584                SVC_Handler
                0x0000000008001584                TIM21_IRQHandler
                0x0000000008001584                WWDG_IRQHandler
                0x0000000008001584                TIM2_IRQHandler
                0x0000000008001584                DMA1_Channel2_3_IRQHandler
                0x0000000008001584                FLASH_IRQHandler
                0x0000000008001584                USART1_IRQHandler
                0x0000000008001584                RNG_LPUART1_IRQHandler
                0x0000000008001584                LPTIM1_IRQHandler
 *fill*         0x0000000008001586        0x2 
 .text.BSP_sensor_Read
                0x0000000008001588       0x54 Application/User/bsp.o
                0x0000000008001588                BSP_sensor_Read
 .text.BSP_sensor_Init
                0x00000000080015dc       0x38 Application/User/bsp.o
                0x00000000080015dc                BSP_sensor_Init
 .text.BSP_LED_Modem_Init
                0x0000000008001614       0x4c Application/User/bsp.o
                0x0000000008001614                BSP_LED_Modem_Init
 .text.BSP_LED_Modem_On
                0x0000000008001660       0x18 Application/User/bsp.o
                0x0000000008001660                BSP_LED_Modem_On
 .text.BSP_LED_Modem_Off
                0x0000000008001678       0x18 Application/User/bsp.o
                0x0000000008001678                BSP_LED_Modem_Off
 .text.Error_Handler
                0x0000000008001690        0x2 Application/User/debug.o
                0x0000000008001690                Error_Handler
 *fill*         0x0000000008001692        0x2 
 .text.EE_Read  0x0000000008001694       0x10 Application/User/ee.o
                0x0000000008001694                EE_Read
 .text.EE_Write
                0x00000000080016a4       0x20 Application/User/ee.o
                0x00000000080016a4                EE_Write
 .text.EE_compareArrays
                0x00000000080016c4       0x1c Application/User/ee.o
                0x00000000080016c4                EE_compareArrays
 .text.HW_RTC_GetCalendarValue
                0x00000000080016e0       0xbc Application/User/hw_rtc.o
 .text.HW_RTC_GetMinimumTimeout
                0x000000000800179c        0x4 Application/User/hw_rtc.o
                0x000000000800179c                HW_RTC_GetMinimumTimeout
 .text.HW_RTC_ms2Tick
                0x00000000080017a0       0x10 Application/User/hw_rtc.o
                0x00000000080017a0                HW_RTC_ms2Tick
 .text.HW_RTC_GetTimerElapsedTime
                0x00000000080017b0       0x18 Application/User/hw_rtc.o
                0x00000000080017b0                HW_RTC_GetTimerElapsedTime
 .text.HW_RTC_StopAlarm
                0x00000000080017c8       0x30 Application/User/hw_rtc.o
                0x00000000080017c8                HW_RTC_StopAlarm
 .text.HW_RTC_SetAlarm
                0x00000000080017f8      0x14c Application/User/hw_rtc.o
                0x00000000080017f8                HW_RTC_SetAlarm
 .text.HW_RTC_IrqHandler
                0x0000000008001944       0x40 Application/User/hw_rtc.o
                0x0000000008001944                HW_RTC_IrqHandler
 .text.HW_RTC_SetTimerContext
                0x0000000008001984       0x18 Application/User/hw_rtc.o
                0x0000000008001984                HW_RTC_SetTimerContext
 .text.HW_RTC_Init
                0x000000000800199c       0x78 Application/User/hw_rtc.o
                0x000000000800199c                HW_RTC_Init
 .text.HW_RTC_GetTimerContext
                0x0000000008001a14        0xc Application/User/hw_rtc.o
                0x0000000008001a14                HW_RTC_GetTimerContext
 .text.HW_UART_Modem_Init
                0x0000000008001a20       0x54 Application/User/hw_usart.o
                0x0000000008001a20                HW_UART_Modem_Init
 .text.HAL_UART_MspInit
                0x0000000008001a74       0x54 Application/User/hw_usart.o
                0x0000000008001a74                HAL_UART_MspInit
 .text.HAL_UART_MspDeInit
                0x0000000008001ac8       0x2c Application/User/hw_usart.o
                0x0000000008001ac8                HAL_UART_MspDeInit
 .text.HW_UART_Modem_IRQHandler
                0x0000000008001af4       0xd0 Application/User/hw_usart.o
                0x0000000008001af4                HW_UART_Modem_IRQHandler
 .text.HW_UART_Modem_IsNewCharReceived
                0x0000000008001bc4       0x24 Application/User/hw_usart.o
                0x0000000008001bc4                HW_UART_Modem_IsNewCharReceived
 .text.HW_UART_Modem_GetNewChar
                0x0000000008001be8       0x28 Application/User/hw_usart.o
                0x0000000008001be8                HW_UART_Modem_GetNewChar
 .text.Lora_OnNextSensorMeasureTimerEvt
                0x0000000008001c10       0x18 Application/User/lora_driver.o
 .text.Lora_OnJoinProtectTimerEvt
                0x0000000008001c28       0x14 Application/User/lora_driver.o
 .text.Lora_OnLedTimerEvent
                0x0000000008001c3c        0xa Application/User/lora_driver.o
 *fill*         0x0000000008001c46        0x2 
 .text.LoRa_GetAppID.part.0
                0x0000000008001c48       0x60 Application/User/lora_driver.o
 .text.Lora_Init
                0x0000000008001ca8       0x14 Application/User/lora_driver.o
                0x0000000008001ca8                Lora_Init
 .text.Lora_Join
                0x0000000008001cbc       0x2c Application/User/lora_driver.o
                0x0000000008001cbc                Lora_Join
 .text.Lora_JoinAccept
                0x0000000008001ce8        0xe Application/User/lora_driver.o
                0x0000000008001ce8                Lora_JoinAccept
 *fill*         0x0000000008001cf6        0x2 
 .text.LoRa_GetAppID
                0x0000000008001cf8       0x24 Application/User/lora_driver.o
                0x0000000008001cf8                LoRa_GetAppID
 .text.LoRa_GetDeviceID
                0x0000000008001d1c       0x24 Application/User/lora_driver.o
                0x0000000008001d1c                LoRa_GetDeviceID
 .text.Lora_SetAdaptiveDataRate
                0x0000000008001d40       0x12 Application/User/lora_driver.o
                0x0000000008001d40                Lora_SetAdaptiveDataRate
 .text.Lora_SetDataRate
                0x0000000008001d52       0x12 Application/User/lora_driver.o
                0x0000000008001d52                Lora_SetDataRate
 .text.Lora_GetBatLevel
                0x0000000008001d64       0x2c Application/User/lora_driver.o
                0x0000000008001d64                Lora_GetBatLevel
 .text.Lora_SendDataBin
                0x0000000008001d90        0xe Application/User/lora_driver.o
                0x0000000008001d90                Lora_SendDataBin
 *fill*         0x0000000008001d9e        0x2 
 .text.Lora_AsyncDownLinkData
                0x0000000008001da0       0x68 Application/User/lora_driver.o
                0x0000000008001da0                Lora_AsyncDownLinkData
 .text.Lora_fsm
                0x0000000008001e08      0x1c4 Application/User/lora_driver.o
                0x0000000008001e08                Lora_fsm
 .text.Lora_Ctx_Init
                0x0000000008001fcc       0x24 Application/User/lora_driver.o
                0x0000000008001fcc                Lora_Ctx_Init
 .text.lora_getDeviceState
                0x0000000008001ff0        0xc Application/User/lora_driver.o
                0x0000000008001ff0                lora_getDeviceState
 .text.SensorMeasureData
                0x0000000008001ffc       0xe0 Application/User/main.o
 .text.HAL_GPIO_EXTI_Callback
                0x00000000080020dc       0x14 Application/User/main.o
                0x00000000080020dc                HAL_GPIO_EXTI_Callback
 .text.startup.main
                0x00000000080020f0       0x9c Application/User/main.o
                0x00000000080020f0                main
 .text.HAL_MspInit
                0x000000000800218c       0x30 Application/User/stm32l0xx_hal_msp.o
                0x000000000800218c                HAL_MspInit
 .text.HAL_RTC_MspInit
                0x00000000080021bc       0x64 Application/User/stm32l0xx_hal_msp.o
                0x00000000080021bc                HAL_RTC_MspInit
 .text.HAL_RTC_AlarmAEventCallback
                0x0000000008002220        0x8 Application/User/stm32l0xx_hal_msp.o
                0x0000000008002220                HAL_RTC_AlarmAEventCallback
 .text.HW_Init  0x0000000008002228       0x20 Application/User/stm32l0xx_hw.o
                0x0000000008002228                HW_Init
 .text.HW_GpioInit
                0x0000000008002248       0x90 Application/User/stm32l0xx_hw.o
                0x0000000008002248                HW_GpioInit
 .text.SystemClock_Config
                0x00000000080022d8       0xd8 Application/User/stm32l0xx_hw.o
                0x00000000080022d8                SystemClock_Config
 .text.LPM_EnterStopMode
                0x00000000080023b0       0x34 Application/User/stm32l0xx_hw.o
                0x00000000080023b0                LPM_EnterStopMode
 .text.LPM_ExitStopMode
                0x00000000080023e4       0x54 Application/User/stm32l0xx_hw.o
                0x00000000080023e4                LPM_ExitStopMode
 .text.LPM_EnterSleepMode
                0x0000000008002438        0xc Application/User/stm32l0xx_hw.o
                0x0000000008002438                LPM_EnterSleepMode
 .text.SysTick_Handler
                0x0000000008002444        0xc Application/User/stm32l0xx_it.o
                0x0000000008002444                SysTick_Handler
 .text.USART2_IRQHandler
                0x0000000008002450       0x10 Application/User/stm32l0xx_it.o
                0x0000000008002450                USART2_IRQHandler
 .text.EXTI4_15_IRQHandler
                0x0000000008002460        0xc Application/User/stm32l0xx_it.o
                0x0000000008002460                EXTI4_15_IRQHandler
 .text.RTC_IRQHandler
                0x000000000800246c        0x8 Application/User/stm32l0xx_it.o
                0x000000000800246c                RTC_IRQHandler
 .text.tiny_vfscanf
                0x0000000008002474      0x24c Application/User/tiny_sscanf.o
 .text.tiny_sscanf
                0x00000000080026c0       0x16 Application/User/tiny_sscanf.o
                0x00000000080026c0                tiny_sscanf
 *fill*         0x00000000080026d6        0x2 
 .text.tiny_vsnprintf_like
                0x00000000080026d8      0x25c Application/User/tiny_vsnprintf.o
                0x00000000080026d8                tiny_vsnprintf_like
 .text.HTS221_ReadReg
                0x0000000008002934       0x1c Drivers/BSP/Components/HTS221_Driver.o
                0x0000000008002934                HTS221_ReadReg
 .text.HTS221_WriteReg
                0x0000000008002950       0x1c Drivers/BSP/Components/HTS221_Driver.o
                0x0000000008002950                HTS221_WriteReg
 .text.HTS221_Get_DeviceID
                0x000000000800296c       0x14 Drivers/BSP/Components/HTS221_Driver.o
                0x000000000800296c                HTS221_Get_DeviceID
 .text.HTS221_Get_Humidity
                0x0000000008002980       0xfc Drivers/BSP/Components/HTS221_Driver.o
                0x0000000008002980                HTS221_Get_Humidity
 .text.HTS221_Get_Temperature
                0x0000000008002a7c       0xf4 Drivers/BSP/Components/HTS221_Driver.o
                0x0000000008002a7c                HTS221_Get_Temperature
 .text.HTS221_Get_DataStatus
                0x0000000008002b70       0x2c Drivers/BSP/Components/HTS221_Driver.o
                0x0000000008002b70                HTS221_Get_DataStatus
 .text.HTS221_Activate
                0x0000000008002b9c       0x3a Drivers/BSP/Components/HTS221_Driver.o
                0x0000000008002b9c                HTS221_Activate
 .text.HTS221_DeActivate
                0x0000000008002bd6       0x38 Drivers/BSP/Components/HTS221_Driver.o
                0x0000000008002bd6                HTS221_DeActivate
 .text.HTS221_Get_Odr
                0x0000000008002c0e       0x24 Drivers/BSP/Components/HTS221_Driver.o
                0x0000000008002c0e                HTS221_Get_Odr
 *fill*         0x0000000008002c32        0x2 
 .text.HTS221_assert_failed
                0x0000000008002c34       0x14 Drivers/BSP/Components/HTS221_Driver.o
                0x0000000008002c34                HTS221_assert_failed
 .text.HTS221_Set_BduMode
                0x0000000008002c48       0x50 Drivers/BSP/Components/HTS221_Driver.o
                0x0000000008002c48                HTS221_Set_BduMode
 .text.HTS221_Set_Odr
                0x0000000008002c98       0x50 Drivers/BSP/Components/HTS221_Driver.o
                0x0000000008002c98                HTS221_Set_Odr
 .text.HTS221_H_Get_DRDY_Status
                0x0000000008002ce8       0x2c Drivers/BSP/Components/HTS221_Driver_HL.o
 .text.HTS221_T_Get_DRDY_Status
                0x0000000008002d14       0x2c Drivers/BSP/Components/HTS221_Driver_HL.o
 .text.HTS221_H_Write_Reg
                0x0000000008002d40       0x16 Drivers/BSP/Components/HTS221_Driver_HL.o
 .text.HTS221_T_Write_Reg
                0x0000000008002d56        0x8 Drivers/BSP/Components/HTS221_Driver_HL.o
 .text.HTS221_H_Read_Reg
                0x0000000008002d5e       0x14 Drivers/BSP/Components/HTS221_Driver_HL.o
 .text.HTS221_T_Read_Reg
                0x0000000008002d72        0x8 Drivers/BSP/Components/HTS221_Driver_HL.o
 *fill*         0x0000000008002d7a        0x2 
 .text.HTS221_H_Set_ODR_Value
                0x0000000008002d7c       0x38 Drivers/BSP/Components/HTS221_Driver_HL.o
 .text.HTS221_Set_ODR
                0x0000000008002db4       0x20 Drivers/BSP/Components/HTS221_Driver_HL.o
 .text.HTS221_H_Set_ODR
                0x0000000008002dd4        0x8 Drivers/BSP/Components/HTS221_Driver_HL.o
 .text.HTS221_Get_ODR
                0x0000000008002ddc       0x4c Drivers/BSP/Components/HTS221_Driver_HL.o
 .text.HTS221_H_Get_ODR
                0x0000000008002e28        0x8 Drivers/BSP/Components/HTS221_Driver_HL.o
 .text.HTS221_H_Get_Hum
                0x0000000008002e30       0x2c Drivers/BSP/Components/HTS221_Driver_HL.o
 .text.HTS221_Check_WhoAmI
                0x0000000008002e5c       0x24 Drivers/BSP/Components/HTS221_Driver_HL.o
 .text.HTS221_H_Check_WhoAmI
                0x0000000008002e80        0x8 Drivers/BSP/Components/HTS221_Driver_HL.o
 .text.HTS221_T_Sensor_Enable
                0x0000000008002e88       0x34 Drivers/BSP/Components/HTS221_Driver_HL.o
 .text.HTS221_T_Get_Temp
                0x0000000008002ebc       0x30 Drivers/BSP/Components/HTS221_Driver_HL.o
 .text.HTS221_T_Sensor_Disable
                0x0000000008002eec       0x30 Drivers/BSP/Components/HTS221_Driver_HL.o
 .text.HTS221_T_DeInit
                0x0000000008002f1c       0x28 Drivers/BSP/Components/HTS221_Driver_HL.o
 .text.HTS221_Init
                0x0000000008002f44       0x38 Drivers/BSP/Components/HTS221_Driver_HL.o
 .text.HTS221_H_Init
                0x0000000008002f7c       0x2a Drivers/BSP/Components/HTS221_Driver_HL.o
 .text.HTS221_T_Init
                0x0000000008002fa6       0x2a Drivers/BSP/Components/HTS221_Driver_HL.o
 .text.HTS221_T_Check_WhoAmI
                0x0000000008002fd0        0x8 Drivers/BSP/Components/HTS221_Driver_HL.o
 .text.HTS221_T_Get_ODR
                0x0000000008002fd8        0x8 Drivers/BSP/Components/HTS221_Driver_HL.o
 .text.HTS221_T_Set_ODR
                0x0000000008002fe0        0x8 Drivers/BSP/Components/HTS221_Driver_HL.o
 .text.HTS221_T_Get_WhoAmI
                0x0000000008002fe8       0x10 Drivers/BSP/Components/HTS221_Driver_HL.o
 .text.HTS221_H_Get_WhoAmI
                0x0000000008002ff8       0x10 Drivers/BSP/Components/HTS221_Driver_HL.o
 .text.HTS221_T_Set_ODR_Value
                0x0000000008003008       0x38 Drivers/BSP/Components/HTS221_Driver_HL.o
 .text.HTS221_H_Sensor_Enable
                0x0000000008003040       0x34 Drivers/BSP/Components/HTS221_Driver_HL.o
 .text.HTS221_H_Sensor_Disable
                0x0000000008003074       0x30 Drivers/BSP/Components/HTS221_Driver_HL.o
 .text.HTS221_H_DeInit
                0x00000000080030a4       0x28 Drivers/BSP/Components/HTS221_Driver_HL.o
 .text.LPS22HB_ReadReg
                0x00000000080030cc       0x30 Drivers/BSP/Components/LPS22HB_Driver.o
                0x00000000080030cc                LPS22HB_ReadReg
 .text.LPS22HB_WriteReg
                0x00000000080030fc       0x30 Drivers/BSP/Components/LPS22HB_Driver.o
                0x00000000080030fc                LPS22HB_WriteReg
 .text.LPS22HB_Get_DeviceID
                0x000000000800312c       0x14 Drivers/BSP/Components/LPS22HB_Driver.o
                0x000000000800312c                LPS22HB_Get_DeviceID
 .text.LPS22HB_Set_PowerMode
                0x0000000008003140       0x36 Drivers/BSP/Components/LPS22HB_Driver.o
                0x0000000008003140                LPS22HB_Set_PowerMode
 .text.LPS22HB_Set_Odr
                0x0000000008003176       0x3a Drivers/BSP/Components/LPS22HB_Driver.o
                0x0000000008003176                LPS22HB_Set_Odr
 .text.LPS22HB_Get_Odr
                0x00000000080031b0       0x24 Drivers/BSP/Components/LPS22HB_Driver.o
                0x00000000080031b0                LPS22HB_Get_Odr
 .text.LPS22HB_Set_LowPassFilter
                0x00000000080031d4       0x3c Drivers/BSP/Components/LPS22HB_Driver.o
                0x00000000080031d4                LPS22HB_Set_LowPassFilter
 .text.LPS22HB_Set_LowPassFilterCutoff
                0x0000000008003210       0x3a Drivers/BSP/Components/LPS22HB_Driver.o
                0x0000000008003210                LPS22HB_Set_LowPassFilterCutoff
 .text.LPS22HB_Set_Bdu
                0x000000000800324a       0x38 Drivers/BSP/Components/LPS22HB_Driver.o
                0x000000000800324a                LPS22HB_Set_Bdu
 .text.LPS22HB_Set_FifoModeUse
                0x0000000008003282       0x3c Drivers/BSP/Components/LPS22HB_Driver.o
                0x0000000008003282                LPS22HB_Set_FifoModeUse
 .text.LPS22HB_Set_FifoWatermarkLevelUse
                0x00000000080032be       0x3c Drivers/BSP/Components/LPS22HB_Driver.o
                0x00000000080032be                LPS22HB_Set_FifoWatermarkLevelUse
 .text.LPS22HB_Set_AutomaticIncrementRegAddress
                0x00000000080032fa       0x3c Drivers/BSP/Components/LPS22HB_Driver.o
                0x00000000080032fa                LPS22HB_Set_AutomaticIncrementRegAddress
 .text.LPS22HB_Set_FIFO_OVR_Interrupt
                0x0000000008003336       0x3c Drivers/BSP/Components/LPS22HB_Driver.o
                0x0000000008003336                LPS22HB_Set_FIFO_OVR_Interrupt
 .text.LPS22HB_Set_FIFO_FTH_Interrupt
                0x0000000008003372       0x3c Drivers/BSP/Components/LPS22HB_Driver.o
                0x0000000008003372                LPS22HB_Set_FIFO_FTH_Interrupt
 .text.LPS22HB_Set_FIFO_FULL_Interrupt
                0x00000000080033ae       0x3c Drivers/BSP/Components/LPS22HB_Driver.o
                0x00000000080033ae                LPS22HB_Set_FIFO_FULL_Interrupt
 .text.LPS22HB_Get_DataStatus
                0x00000000080033ea       0x38 Drivers/BSP/Components/LPS22HB_Driver.o
                0x00000000080033ea                LPS22HB_Get_DataStatus
 .text.LPS22HB_Get_RawPressure
                0x0000000008003422       0x38 Drivers/BSP/Components/LPS22HB_Driver.o
                0x0000000008003422                LPS22HB_Get_RawPressure
 .text.LPS22HB_Get_Pressure
                0x000000000800345a       0x26 Drivers/BSP/Components/LPS22HB_Driver.o
                0x000000000800345a                LPS22HB_Get_Pressure
 .text.LPS22HB_Get_RawTemperature
                0x0000000008003480       0x24 Drivers/BSP/Components/LPS22HB_Driver.o
                0x0000000008003480                LPS22HB_Get_RawTemperature
 .text.LPS22HB_Get_Temperature
                0x00000000080034a4       0x26 Drivers/BSP/Components/LPS22HB_Driver.o
                0x00000000080034a4                LPS22HB_Get_Temperature
 .text.LPS22HB_Set_FifoMode
                0x00000000080034ca       0x3a Drivers/BSP/Components/LPS22HB_Driver.o
                0x00000000080034ca                LPS22HB_Set_FifoMode
 .text.LPS22HB_Get_FifoMode
                0x0000000008003504       0x24 Drivers/BSP/Components/LPS22HB_Driver.o
                0x0000000008003504                LPS22HB_Get_FifoMode
 .text.LPS22HB_Set_FifoWatermarkLevel
                0x0000000008003528       0x3a Drivers/BSP/Components/LPS22HB_Driver.o
                0x0000000008003528                LPS22HB_Set_FifoWatermarkLevel
 .text.LPS22HB_Get_FifoWatermarkLevel
                0x0000000008003562       0x20 Drivers/BSP/Components/LPS22HB_Driver.o
                0x0000000008003562                LPS22HB_Get_FifoWatermarkLevel
 .text.LPS22HB_Get_FifoStatus
                0x0000000008003582       0x42 Drivers/BSP/Components/LPS22HB_Driver.o
                0x0000000008003582                LPS22HB_Get_FifoStatus
 .text.LPS22HB_P_Get_DRDY_Status
                0x00000000080035c4       0x18 Drivers/BSP/Components/LPS22HB_Driver_HL.o
 .text.LPS22HB_T_Get_DRDY_Status
                0x00000000080035dc       0x18 Drivers/BSP/Components/LPS22HB_Driver_HL.o
 .text.LPS22HB_P_Write_Reg
                0x00000000080035f4       0x16 Drivers/BSP/Components/LPS22HB_Driver_HL.o
 .text.LPS22HB_T_Write_Reg
                0x000000000800360a        0x8 Drivers/BSP/Components/LPS22HB_Driver_HL.o
 .text.LPS22HB_P_Read_Reg
                0x0000000008003612       0x14 Drivers/BSP/Components/LPS22HB_Driver_HL.o
 .text.LPS22HB_T_Read_Reg
                0x0000000008003626        0x8 Drivers/BSP/Components/LPS22HB_Driver_HL.o
 .text.LPS22HB_P_Sensor_Disable
                0x000000000800362e       0x2a Drivers/BSP/Components/LPS22HB_Driver_HL.o
 .text.LPS22HB_P_DeInit
                0x0000000008003658       0x22 Drivers/BSP/Components/LPS22HB_Driver_HL.o
 .text.LPS22HB_T_Sensor_Disable
                0x000000000800367a       0x2a Drivers/BSP/Components/LPS22HB_Driver_HL.o
 .text.LPS22HB_T_DeInit
                0x00000000080036a4       0x22 Drivers/BSP/Components/LPS22HB_Driver_HL.o
 *fill*         0x00000000080036c6        0x2 
 .text.LPS22HB_Get_ODR
                0x00000000080036c8       0x6c Drivers/BSP/Components/LPS22HB_Driver_HL.o
 .text.LPS22HB_P_Get_ODR
                0x0000000008003734        0x8 Drivers/BSP/Components/LPS22HB_Driver_HL.o
 .text.LPS22HB_Check_WhoAmI
                0x000000000800373c       0x24 Drivers/BSP/Components/LPS22HB_Driver_HL.o
 .text.LPS22HB_P_Check_WhoAmI
                0x0000000008003760        0x8 Drivers/BSP/Components/LPS22HB_Driver_HL.o
 .text.LPS22HB_FIFO_Set_Watermark_Level
                0x0000000008003768       0x10 Drivers/BSP/Components/LPS22HB_Driver_HL.o
 .text.LPS22HB_FIFO_Get_Watermark_Level
                0x0000000008003778       0x10 Drivers/BSP/Components/LPS22HB_Driver_HL.o
 .text.LPS22HB_FIFO_Get_Mode
                0x0000000008003788       0x1a Drivers/BSP/Components/LPS22HB_Driver_HL.o
 .text.LPS22HB_FIFO_Get_Num_Of_Samples
                0x00000000080037a2       0x18 Drivers/BSP/Components/LPS22HB_Driver_HL.o
 .text.LPS22HB_FIFO_Get_Fth_Status
                0x00000000080037ba       0x18 Drivers/BSP/Components/LPS22HB_Driver_HL.o
 .text.LPS22HB_FIFO_Get_Ovr_Status
                0x00000000080037d2       0x18 Drivers/BSP/Components/LPS22HB_Driver_HL.o
 .text.LPS22HB_FIFO_Get_Full_Status
                0x00000000080037ea       0x18 Drivers/BSP/Components/LPS22HB_Driver_HL.o
 .text.LPS22HB_FIFO_Get_Empty_Status
                0x0000000008003802       0x18 Drivers/BSP/Components/LPS22HB_Driver_HL.o
 *fill*         0x000000000800381a        0x2 
 .text.LPS22HB_Set_ODR_When_Disabled.isra.0
                0x000000000800381c       0x40 Drivers/BSP/Components/LPS22HB_Driver_HL.o
 .text.LPS22HB_Set_ODR_Value_When_Enabled
                0x000000000800385c       0x6c Drivers/BSP/Components/LPS22HB_Driver_HL.o
 .text.LPS22HB_P_Sensor_Enable
                0x00000000080038c8       0x2a Drivers/BSP/Components/LPS22HB_Driver_HL.o
 *fill*         0x00000000080038f2        0x2 
 .text.LPS22HB_T_Set_ODR_Value
                0x00000000080038f4       0x7c Drivers/BSP/Components/LPS22HB_Driver_HL.o
 .text.LPS22HB_T_Sensor_Enable
                0x0000000008003970       0x2a Drivers/BSP/Components/LPS22HB_Driver_HL.o
 .text.LPS22HB_Set_ODR_When_Enabled
                0x000000000800399a       0x2e Drivers/BSP/Components/LPS22HB_Driver_HL.o
 .text.LPS22HB_P_Set_ODR
                0x00000000080039c8       0x2a Drivers/BSP/Components/LPS22HB_Driver_HL.o
 .text.LPS22HB_T_Set_ODR
                0x00000000080039f2       0x2a Drivers/BSP/Components/LPS22HB_Driver_HL.o
 .text.LPS22HB_Initialize.isra.0
                0x0000000008003a1c       0x68 Drivers/BSP/Components/LPS22HB_Driver_HL.o
 .text.LPS22HB_P_Init
                0x0000000008003a84       0x26 Drivers/BSP/Components/LPS22HB_Driver_HL.o
 .text.LPS22HB_T_Init
                0x0000000008003aaa       0x26 Drivers/BSP/Components/LPS22HB_Driver_HL.o
 .text.LPS22HB_FIFO_Get_Data
                0x0000000008003ad0       0x54 Drivers/BSP/Components/LPS22HB_Driver_HL.o
 .text.LPS22HB_FIFO_Reset_Interrupt
                0x0000000008003b24       0x30 Drivers/BSP/Components/LPS22HB_Driver_HL.o
 .text.LPS22HB_FIFO_Set_Interrupt
                0x0000000008003b54       0x30 Drivers/BSP/Components/LPS22HB_Driver_HL.o
 .text.LPS22HB_FIFO_Stop_On_Fth
                0x0000000008003b84       0x18 Drivers/BSP/Components/LPS22HB_Driver_HL.o
 .text.LPS22HB_FIFO_Set_Mode
                0x0000000008003b9c       0x32 Drivers/BSP/Components/LPS22HB_Driver_HL.o
 .text.LPS22HB_FIFO_Usage
                0x0000000008003bce       0x18 Drivers/BSP/Components/LPS22HB_Driver_HL.o
 .text.LPS22HB_T_Get_ODR
                0x0000000008003be6        0x8 Drivers/BSP/Components/LPS22HB_Driver_HL.o
 .text.LPS22HB_T_Check_WhoAmI
                0x0000000008003bee        0x8 Drivers/BSP/Components/LPS22HB_Driver_HL.o
 .text.LPS22HB_P_Get_WhoAmI
                0x0000000008003bf6       0x10 Drivers/BSP/Components/LPS22HB_Driver_HL.o
 .text.LPS22HB_T_Get_WhoAmI
                0x0000000008003c06       0x10 Drivers/BSP/Components/LPS22HB_Driver_HL.o
 .text.LPS22HB_FIFO_Watermark_Usage
                0x0000000008003c16       0x18 Drivers/BSP/Components/LPS22HB_Driver_HL.o
 *fill*         0x0000000008003c2e        0x2 
 .text.LPS22HB_P_Get_Press
                0x0000000008003c30       0x28 Drivers/BSP/Components/LPS22HB_Driver_HL.o
 .text.LPS22HB_T_Get_Temp
                0x0000000008003c58       0x30 Drivers/BSP/Components/LPS22HB_Driver_HL.o
 .text.LPS22HB_P_Set_ODR_Value
                0x0000000008003c88       0x7c Drivers/BSP/Components/LPS22HB_Driver_HL.o
 .text.LPS25HB_ReadReg
                0x0000000008003d04       0x1c Drivers/BSP/Components/LPS25HB_Driver.o
                0x0000000008003d04                LPS25HB_ReadReg
 .text.LPS25HB_WriteReg
                0x0000000008003d20       0x1c Drivers/BSP/Components/LPS25HB_Driver.o
                0x0000000008003d20                LPS25HB_WriteReg
 .text.LPS25HB_Get_DeviceID
                0x0000000008003d3c       0x14 Drivers/BSP/Components/LPS25HB_Driver.o
                0x0000000008003d3c                LPS25HB_Get_DeviceID
 .text.LPS25HB_Get_Odr
                0x0000000008003d50       0x24 Drivers/BSP/Components/LPS25HB_Driver.o
                0x0000000008003d50                LPS25HB_Get_Odr
 .text.LPS25HB_Get_DataStatus
                0x0000000008003d74       0x38 Drivers/BSP/Components/LPS25HB_Driver.o
                0x0000000008003d74                LPS25HB_Get_DataStatus
 .text.LPS25HB_Get_RawPressure
                0x0000000008003dac       0x38 Drivers/BSP/Components/LPS25HB_Driver.o
                0x0000000008003dac                LPS25HB_Get_RawPressure
 .text.LPS25HB_Get_Pressure
                0x0000000008003de4       0x26 Drivers/BSP/Components/LPS25HB_Driver.o
                0x0000000008003de4                LPS25HB_Get_Pressure
 .text.LPS25HB_Get_RawTemperature
                0x0000000008003e0a       0x24 Drivers/BSP/Components/LPS25HB_Driver.o
                0x0000000008003e0a                LPS25HB_Get_RawTemperature
 .text.LPS25HB_Get_Temperature
                0x0000000008003e2e       0x2a Drivers/BSP/Components/LPS25HB_Driver.o
                0x0000000008003e2e                LPS25HB_Get_Temperature
 .text.LPS25HB_assert_failed
                0x0000000008003e58       0x14 Drivers/BSP/Components/LPS25HB_Driver.o
                0x0000000008003e58                LPS25HB_assert_failed
 .text.LPS25HB_Set_Avg
                0x0000000008003e6c       0x58 Drivers/BSP/Components/LPS25HB_Driver.o
                0x0000000008003e6c                LPS25HB_Set_Avg
 .text.LPS25HB_Set_Odr
                0x0000000008003ec4       0x58 Drivers/BSP/Components/LPS25HB_Driver.o
                0x0000000008003ec4                LPS25HB_Set_Odr
 .text.LPS25HB_Set_PowerDownMode
                0x0000000008003f1c       0x50 Drivers/BSP/Components/LPS25HB_Driver.o
                0x0000000008003f1c                LPS25HB_Set_PowerDownMode
 .text.LPS25HB_Activate
                0x0000000008003f6c       0x10 Drivers/BSP/Components/LPS25HB_Driver.o
                0x0000000008003f6c                LPS25HB_Activate
 .text.LPS25HB_DeActivate
                0x0000000008003f7c       0x10 Drivers/BSP/Components/LPS25HB_Driver.o
                0x0000000008003f7c                LPS25HB_DeActivate
 .text.LPS25HB_Set_Bdu
                0x0000000008003f8c       0x4c Drivers/BSP/Components/LPS25HB_Driver.o
                0x0000000008003f8c                LPS25HB_Set_Bdu
 .text.LPS25HB_Set_InterruptCircuitEnable
                0x0000000008003fd8       0x50 Drivers/BSP/Components/LPS25HB_Driver.o
                0x0000000008003fd8                LPS25HB_Set_InterruptCircuitEnable
 .text.LPS25HB_Set_SpiInterface
                0x0000000008004028       0x48 Drivers/BSP/Components/LPS25HB_Driver.o
                0x0000000008004028                LPS25HB_Set_SpiInterface
 .text.LPS25HB_P_Get_DRDY_Status
                0x0000000008004070       0x18 Drivers/BSP/Components/LPS25HB_Driver_HL.o
 .text.LPS25HB_T_Get_DRDY_Status
                0x0000000008004088       0x18 Drivers/BSP/Components/LPS25HB_Driver_HL.o
 .text.LPS25HB_P_Write_Reg
                0x00000000080040a0       0x16 Drivers/BSP/Components/LPS25HB_Driver_HL.o
 .text.LPS25HB_T_Write_Reg
                0x00000000080040b6        0x8 Drivers/BSP/Components/LPS25HB_Driver_HL.o
 .text.LPS25HB_P_Read_Reg
                0x00000000080040be       0x14 Drivers/BSP/Components/LPS25HB_Driver_HL.o
 .text.LPS25HB_T_Read_Reg
                0x00000000080040d2        0x8 Drivers/BSP/Components/LPS25HB_Driver_HL.o
 *fill*         0x00000000080040da        0x2 
 .text.LPS25HB_Set_ODR_Value
                0x00000000080040dc       0x4c Drivers/BSP/Components/LPS25HB_Driver_HL.o
 .text.LPS25HB_P_Set_ODR_Value
                0x0000000008004128        0x8 Drivers/BSP/Components/LPS25HB_Driver_HL.o
 .text.LPS25HB_Set_ODR
                0x0000000008004130       0x20 Drivers/BSP/Components/LPS25HB_Driver_HL.o
 .text.LPS25HB_P_Set_ODR
                0x0000000008004150        0x8 Drivers/BSP/Components/LPS25HB_Driver_HL.o
 .text.LPS25HB_Get_ODR
                0x0000000008004158       0x60 Drivers/BSP/Components/LPS25HB_Driver_HL.o
 .text.LPS25HB_P_Get_ODR
                0x00000000080041b8        0x8 Drivers/BSP/Components/LPS25HB_Driver_HL.o
 .text.LPS25HB_P_Get_Press
                0x00000000080041c0       0x28 Drivers/BSP/Components/LPS25HB_Driver_HL.o
 .text.LPS25HB_Check_WhoAmI
                0x00000000080041e8       0x24 Drivers/BSP/Components/LPS25HB_Driver_HL.o
 .text.LPS25HB_P_Check_WhoAmI
                0x000000000800420c        0x8 Drivers/BSP/Components/LPS25HB_Driver_HL.o
 .text.LPS25HB_T_Sensor_Enable
                0x0000000008004214       0x34 Drivers/BSP/Components/LPS25HB_Driver_HL.o
 .text.LPS25HB_T_Get_Temp
                0x0000000008004248       0x30 Drivers/BSP/Components/LPS25HB_Driver_HL.o
 .text.LPS25HB_P_Sensor_Disable
                0x0000000008004278       0x30 Drivers/BSP/Components/LPS25HB_Driver_HL.o
 .text.LPS25HB_P_DeInit
                0x00000000080042a8       0x28 Drivers/BSP/Components/LPS25HB_Driver_HL.o
 .text.LPS25HB_Init
                0x00000000080042d0       0x5e Drivers/BSP/Components/LPS25HB_Driver_HL.o
 .text.LPS25HB_P_Init
                0x000000000800432e       0x2a Drivers/BSP/Components/LPS25HB_Driver_HL.o
 .text.LPS25HB_T_Init
                0x0000000008004358       0x2a Drivers/BSP/Components/LPS25HB_Driver_HL.o
 .text.LPS25HB_T_Set_ODR_Value
                0x0000000008004382        0x8 Drivers/BSP/Components/LPS25HB_Driver_HL.o
 .text.LPS25HB_T_Check_WhoAmI
                0x000000000800438a        0x8 Drivers/BSP/Components/LPS25HB_Driver_HL.o
 .text.LPS25HB_T_Get_ODR
                0x0000000008004392        0x8 Drivers/BSP/Components/LPS25HB_Driver_HL.o
 .text.LPS25HB_T_Set_ODR
                0x000000000800439a        0x8 Drivers/BSP/Components/LPS25HB_Driver_HL.o
 .text.LPS25HB_T_Get_WhoAmI
                0x00000000080043a2       0x10 Drivers/BSP/Components/LPS25HB_Driver_HL.o
 .text.LPS25HB_P_Get_WhoAmI
                0x00000000080043b2       0x10 Drivers/BSP/Components/LPS25HB_Driver_HL.o
 .text.LPS25HB_P_Sensor_Enable
                0x00000000080043c2       0x34 Drivers/BSP/Components/LPS25HB_Driver_HL.o
 .text.LPS25HB_T_Sensor_Disable
                0x00000000080043f6       0x30 Drivers/BSP/Components/LPS25HB_Driver_HL.o
 .text.LPS25HB_T_DeInit
                0x0000000008004426       0x28 Drivers/BSP/Components/LPS25HB_Driver_HL.o
 *fill*         0x000000000800444e        0x2 
 .text.I2C_EXPBD_Init
                0x0000000008004450       0xa4 Drivers/BSP/I_NUCLEO_LRWAN1/i_nucleo_lrwan1.o
 .text.Sensor_IO_Init
                0x00000000080044f4        0xe Drivers/BSP/I_NUCLEO_LRWAN1/i_nucleo_lrwan1.o
                0x00000000080044f4                Sensor_IO_Init
 .text.LPS22HB_Sensor_IO_ITConfig
                0x0000000008004502        0x4 Drivers/BSP/I_NUCLEO_LRWAN1/i_nucleo_lrwan1.o
                0x0000000008004502                LPS22HB_Sensor_IO_ITConfig
 *fill*         0x0000000008004506        0x2 
 .text.Sensor_IO_Write
                0x0000000008004508       0x38 Drivers/BSP/I_NUCLEO_LRWAN1/i_nucleo_lrwan1.o
                0x0000000008004508                Sensor_IO_Write
 .text.Sensor_IO_Read
                0x0000000008004540       0x38 Drivers/BSP/I_NUCLEO_LRWAN1/i_nucleo_lrwan1.o
                0x0000000008004540                Sensor_IO_Read
 .text.BSP_HTS221_HUMIDITY_Init
                0x0000000008004578       0x80 Drivers/BSP/I_NUCLEO_LRWAN1/i_nucleo_lrwan1_humidity.o
 .text.BSP_HUMIDITY_Init
                0x00000000080045f8       0x16 Drivers/BSP/I_NUCLEO_LRWAN1/i_nucleo_lrwan1_humidity.o
                0x00000000080045f8                BSP_HUMIDITY_Init
 .text.BSP_HUMIDITY_Sensor_Enable
                0x000000000800460e       0x20 Drivers/BSP/I_NUCLEO_LRWAN1/i_nucleo_lrwan1_humidity.o
                0x000000000800460e                BSP_HUMIDITY_Sensor_Enable
 .text.BSP_HUMIDITY_Get_Hum
                0x000000000800462e       0x24 Drivers/BSP/I_NUCLEO_LRWAN1/i_nucleo_lrwan1_humidity.o
                0x000000000800462e                BSP_HUMIDITY_Get_Hum
 *fill*         0x0000000008004652        0x2 
 .text.BSP_LPS25HB_PRESSURE_Init
                0x0000000008004654       0xb8 Drivers/BSP/I_NUCLEO_LRWAN1/i_nucleo_lrwan1_pressure.o
 .text.BSP_LPS22HB_PRESSURE_Init
                0x000000000800470c       0x90 Drivers/BSP/I_NUCLEO_LRWAN1/i_nucleo_lrwan1_pressure.o
 .text.BSP_PRESSURE_Init
                0x000000000800479c       0x4a Drivers/BSP/I_NUCLEO_LRWAN1/i_nucleo_lrwan1_pressure.o
                0x000000000800479c                BSP_PRESSURE_Init
 .text.BSP_PRESSURE_Sensor_Enable
                0x00000000080047e6       0x20 Drivers/BSP/I_NUCLEO_LRWAN1/i_nucleo_lrwan1_pressure.o
                0x00000000080047e6                BSP_PRESSURE_Sensor_Enable
 .text.BSP_PRESSURE_Get_Press
                0x0000000008004806       0x24 Drivers/BSP/I_NUCLEO_LRWAN1/i_nucleo_lrwan1_pressure.o
                0x0000000008004806                BSP_PRESSURE_Get_Press
 *fill*         0x000000000800482a        0x2 
 .text.BSP_HTS221_TEMPERATURE_Init
                0x000000000800482c       0x80 Drivers/BSP/I_NUCLEO_LRWAN1/i_nucleo_lrwan1_temperature.o
 .text.BSP_LPS25HB_TEMPERATURE_Init
                0x00000000080048ac       0xbc Drivers/BSP/I_NUCLEO_LRWAN1/i_nucleo_lrwan1_temperature.o
 .text.BSP_LPS22HB_TEMPERATURE_Init
                0x0000000008004968       0x90 Drivers/BSP/I_NUCLEO_LRWAN1/i_nucleo_lrwan1_temperature.o
 .text.BSP_TEMPERATURE_Init
                0x00000000080049f8       0x60 Drivers/BSP/I_NUCLEO_LRWAN1/i_nucleo_lrwan1_temperature.o
                0x00000000080049f8                BSP_TEMPERATURE_Init
 .text.BSP_TEMPERATURE_Sensor_Enable
                0x0000000008004a58       0x20 Drivers/BSP/I_NUCLEO_LRWAN1/i_nucleo_lrwan1_temperature.o
                0x0000000008004a58                BSP_TEMPERATURE_Sensor_Enable
 .text.BSP_TEMPERATURE_Get_Temp
                0x0000000008004a78       0x24 Drivers/BSP/I_NUCLEO_LRWAN1/i_nucleo_lrwan1_temperature.o
                0x0000000008004a78                BSP_TEMPERATURE_Get_Temp
 .text.Modem_IO_Init
                0x0000000008004a9c       0x12 Drivers/BSP/I_NUCLEO_LRWAN1/i_nucleo_lrwan1_wm_sg_sm_xx.o
                0x0000000008004a9c                Modem_IO_Init
 *fill*         0x0000000008004aae        0x2 
 .text.Modem_IO_DeInit
                0x0000000008004ab0       0x10 Drivers/BSP/I_NUCLEO_LRWAN1/i_nucleo_lrwan1_wm_sg_sm_xx.o
                0x0000000008004ab0                Modem_IO_DeInit
 .text.at_cmd_responseAnalysing
                0x0000000008004ac0       0x34 Drivers/BSP/I_NUCLEO_LRWAN1/i_nucleo_lrwan1_wm_sg_sm_xx.o
 .text.at_cmd_send
                0x0000000008004af4       0x1c Drivers/BSP/I_NUCLEO_LRWAN1/i_nucleo_lrwan1_wm_sg_sm_xx.o
 .text.at_cmd_receive
                0x0000000008004b10       0xe8 Drivers/BSP/I_NUCLEO_LRWAN1/i_nucleo_lrwan1_wm_sg_sm_xx.o
 .text.at_cmd_AsyncEventAnalysing
                0x0000000008004bf8       0x5c Drivers/BSP/I_NUCLEO_LRWAN1/i_nucleo_lrwan1_wm_sg_sm_xx.o
 .text.at_cmd_vprintf
                0x0000000008004c54       0x30 Drivers/BSP/I_NUCLEO_LRWAN1/i_nucleo_lrwan1_wm_sg_sm_xx.o
                0x0000000008004c54                at_cmd_vprintf
 .text.at_cmd_format
                0x0000000008004c84      0x2a8 Drivers/BSP/I_NUCLEO_LRWAN1/i_nucleo_lrwan1_wm_sg_sm_xx.o
 .text.Modem_AT_Cmd
                0x0000000008004f2c      0x1f0 Drivers/BSP/I_NUCLEO_LRWAN1/i_nucleo_lrwan1_wm_sg_sm_xx.o
                0x0000000008004f2c                Modem_AT_Cmd
 .text.SystemInit
                0x000000000800511c       0x5c Drivers/CMSIS/system_stm32l0xx.o
                0x000000000800511c                SystemInit
 .text.HAL_InitTick
                0x0000000008005178       0x30 Drivers/STM32L0xx_HAL_Driver/stm32l0xx_hal.o
                0x0000000008005178                HAL_InitTick
 .text.HAL_Init
                0x00000000080051a8       0x28 Drivers/STM32L0xx_HAL_Driver/stm32l0xx_hal.o
                0x00000000080051a8                HAL_Init
 .text.HAL_IncTick
                0x00000000080051d0       0x10 Drivers/STM32L0xx_HAL_Driver/stm32l0xx_hal.o
                0x00000000080051d0                HAL_IncTick
 .text.HAL_GetTick
                0x00000000080051e0        0xc Drivers/STM32L0xx_HAL_Driver/stm32l0xx_hal.o
                0x00000000080051e0                HAL_GetTick
 .text.HAL_Delay
                0x00000000080051ec       0x1e Drivers/STM32L0xx_HAL_Driver/stm32l0xx_hal.o
                0x00000000080051ec                HAL_Delay
 *fill*         0x000000000800520a        0x2 
 .text.HAL_NVIC_SetPriority
                0x000000000800520c       0x54 Drivers/STM32L0xx_HAL_Driver/stm32l0xx_hal_cortex.o
                0x000000000800520c                HAL_NVIC_SetPriority
 .text.HAL_NVIC_EnableIRQ
                0x0000000008005260       0x18 Drivers/STM32L0xx_HAL_Driver/stm32l0xx_hal_cortex.o
                0x0000000008005260                HAL_NVIC_EnableIRQ
 .text.HAL_NVIC_SystemReset
                0x0000000008005278       0x1c Drivers/STM32L0xx_HAL_Driver/stm32l0xx_hal_cortex.o
                0x0000000008005278                HAL_NVIC_SystemReset
 .text.HAL_SYSTICK_Config
                0x0000000008005294       0x34 Drivers/STM32L0xx_HAL_Driver/stm32l0xx_hal_cortex.o
                0x0000000008005294                HAL_SYSTICK_Config
 .text.HAL_SYSTICK_CLKSourceConfig
                0x00000000080052c8       0x1c Drivers/STM32L0xx_HAL_Driver/stm32l0xx_hal_cortex.o
                0x00000000080052c8                HAL_SYSTICK_CLKSourceConfig
 .text.HAL_SYSTICK_Callback
                0x00000000080052e4        0x2 Drivers/STM32L0xx_HAL_Driver/stm32l0xx_hal_cortex.o
                0x00000000080052e4                HAL_SYSTICK_Callback
 .text.HAL_SYSTICK_IRQHandler
                0x00000000080052e6        0x8 Drivers/STM32L0xx_HAL_Driver/stm32l0xx_hal_cortex.o
                0x00000000080052e6                HAL_SYSTICK_IRQHandler
 *fill*         0x00000000080052ee        0x2 
 .text.HAL_FLASHEx_DATAEEPROM_Unlock
                0x00000000080052f0       0x30 Drivers/STM32L0xx_HAL_Driver/stm32l0xx_hal_flash_ex.o
                0x00000000080052f0                HAL_FLASHEx_DATAEEPROM_Unlock
 .text.HAL_FLASHEx_DATAEEPROM_Lock
                0x0000000008005320       0x14 Drivers/STM32L0xx_HAL_Driver/stm32l0xx_hal_flash_ex.o
                0x0000000008005320                HAL_FLASHEx_DATAEEPROM_Lock
 .text.HAL_FLASHEx_DATAEEPROM_EnableFixedTimeProgram
                0x0000000008005334       0x14 Drivers/STM32L0xx_HAL_Driver/stm32l0xx_hal_flash_ex.o
                0x0000000008005334                HAL_FLASHEx_DATAEEPROM_EnableFixedTimeProgram
 .text.HAL_GPIO_Init
                0x0000000008005348      0x17c Drivers/STM32L0xx_HAL_Driver/stm32l0xx_hal_gpio.o
                0x0000000008005348                HAL_GPIO_Init
 .text.HAL_GPIO_DeInit
                0x00000000080054c4       0xf8 Drivers/STM32L0xx_HAL_Driver/stm32l0xx_hal_gpio.o
                0x00000000080054c4                HAL_GPIO_DeInit
 .text.HAL_GPIO_WritePin
                0x00000000080055bc        0xc Drivers/STM32L0xx_HAL_Driver/stm32l0xx_hal_gpio.o
                0x00000000080055bc                HAL_GPIO_WritePin
 .text.HAL_GPIO_EXTI_IRQHandler
                0x00000000080055c8       0x18 Drivers/STM32L0xx_HAL_Driver/stm32l0xx_hal_gpio.o
                0x00000000080055c8                HAL_GPIO_EXTI_IRQHandler
 .text.I2C_Flush_TXDR
                0x00000000080055e0       0x1c Drivers/STM32L0xx_HAL_Driver/stm32l0xx_hal_i2c.o
 .text.I2C_TransferConfig
                0x00000000080055fc       0x28 Drivers/STM32L0xx_HAL_Driver/stm32l0xx_hal_i2c.o
 .text.I2C_IsAcknowledgeFailed
                0x0000000008005624       0x7c Drivers/STM32L0xx_HAL_Driver/stm32l0xx_hal_i2c.o
 .text.I2C_WaitOnSTOPFlagUntilTimeout
                0x00000000080056a0       0x50 Drivers/STM32L0xx_HAL_Driver/stm32l0xx_hal_i2c.o
 .text.I2C_WaitOnFlagUntilTimeout
                0x00000000080056f0       0x50 Drivers/STM32L0xx_HAL_Driver/stm32l0xx_hal_i2c.o
 .text.I2C_WaitOnTXISFlagUntilTimeout
                0x0000000008005740       0x54 Drivers/STM32L0xx_HAL_Driver/stm32l0xx_hal_i2c.o
 .text.I2C_RequestMemoryWrite
                0x0000000008005794       0x68 Drivers/STM32L0xx_HAL_Driver/stm32l0xx_hal_i2c.o
 .text.I2C_RequestMemoryRead
                0x00000000080057fc       0x64 Drivers/STM32L0xx_HAL_Driver/stm32l0xx_hal_i2c.o
 .text.HAL_I2C_MspInit
                0x0000000008005860        0x2 Drivers/STM32L0xx_HAL_Driver/stm32l0xx_hal_i2c.o
                0x0000000008005860                HAL_I2C_MspInit
 *fill*         0x0000000008005862        0x2 
 .text.HAL_I2C_Init
                0x0000000008005864       0xac Drivers/STM32L0xx_HAL_Driver/stm32l0xx_hal_i2c.o
                0x0000000008005864                HAL_I2C_Init
 .text.HAL_I2C_MspDeInit
                0x0000000008005910        0x2 Drivers/STM32L0xx_HAL_Driver/stm32l0xx_hal_i2c.o
                0x0000000008005910                HAL_I2C_MspDeInit
 .text.HAL_I2C_DeInit
                0x0000000008005912       0x34 Drivers/STM32L0xx_HAL_Driver/stm32l0xx_hal_i2c.o
                0x0000000008005912                HAL_I2C_DeInit
 *fill*         0x0000000008005946        0x2 
 .text.HAL_I2C_Mem_Write
                0x0000000008005948      0x174 Drivers/STM32L0xx_HAL_Driver/stm32l0xx_hal_i2c.o
                0x0000000008005948                HAL_I2C_Mem_Write
 .text.HAL_I2C_Mem_Read
                0x0000000008005abc      0x188 Drivers/STM32L0xx_HAL_Driver/stm32l0xx_hal_i2c.o
                0x0000000008005abc                HAL_I2C_Mem_Read
 .text.HAL_I2C_GetState
                0x0000000008005c44        0x8 Drivers/STM32L0xx_HAL_Driver/stm32l0xx_hal_i2c.o
                0x0000000008005c44                HAL_I2C_GetState
 .text.HAL_PWR_DisablePVD
                0x0000000008005c4c       0x10 Drivers/STM32L0xx_HAL_Driver/stm32l0xx_hal_pwr.o
                0x0000000008005c4c                HAL_PWR_DisablePVD
 .text.HAL_PWR_EnterSLEEPMode
                0x0000000008005c5c       0x34 Drivers/STM32L0xx_HAL_Driver/stm32l0xx_hal_pwr.o
                0x0000000008005c5c                HAL_PWR_EnterSLEEPMode
 .text.HAL_PWR_EnterSTOPMode
                0x0000000008005c90       0x38 Drivers/STM32L0xx_HAL_Driver/stm32l0xx_hal_pwr.o
                0x0000000008005c90                HAL_PWR_EnterSTOPMode
 .text.HAL_PWREx_DisableFastWakeUp
                0x0000000008005cc8       0x14 Drivers/STM32L0xx_HAL_Driver/stm32l0xx_hal_pwr_ex.o
                0x0000000008005cc8                HAL_PWREx_DisableFastWakeUp
 .text.HAL_PWREx_EnableUltraLowPower
                0x0000000008005cdc       0x14 Drivers/STM32L0xx_HAL_Driver/stm32l0xx_hal_pwr_ex.o
                0x0000000008005cdc                HAL_PWREx_EnableUltraLowPower
 .text.HAL_RCC_GetSysClockFreq
                0x0000000008005cf0       0x80 Drivers/STM32L0xx_HAL_Driver/stm32l0xx_hal_rcc.o
                0x0000000008005cf0                HAL_RCC_GetSysClockFreq
 .text.HAL_RCC_OscConfig
                0x0000000008005d70      0x510 Drivers/STM32L0xx_HAL_Driver/stm32l0xx_hal_rcc.o
                0x0000000008005d70                HAL_RCC_OscConfig
 .text.HAL_RCC_ClockConfig
                0x0000000008006280      0x170 Drivers/STM32L0xx_HAL_Driver/stm32l0xx_hal_rcc.o
                0x0000000008006280                HAL_RCC_ClockConfig
 .text.HAL_RCC_GetHCLKFreq
                0x00000000080063f0        0xc Drivers/STM32L0xx_HAL_Driver/stm32l0xx_hal_rcc.o
                0x00000000080063f0                HAL_RCC_GetHCLKFreq
 .text.HAL_RCC_GetPCLK1Freq
                0x00000000080063fc       0x20 Drivers/STM32L0xx_HAL_Driver/stm32l0xx_hal_rcc.o
                0x00000000080063fc                HAL_RCC_GetPCLK1Freq
 .text.HAL_RCC_GetPCLK2Freq
                0x000000000800641c       0x20 Drivers/STM32L0xx_HAL_Driver/stm32l0xx_hal_rcc.o
                0x000000000800641c                HAL_RCC_GetPCLK2Freq
 .text.HAL_RCCEx_PeriphCLKConfig
                0x000000000800643c      0x1d4 Drivers/STM32L0xx_HAL_Driver/stm32l0xx_hal_rcc_ex.o
                0x000000000800643c                HAL_RCCEx_PeriphCLKConfig
 .text.HAL_RTC_DeactivateAlarm
                0x0000000008006610       0xc4 Drivers/STM32L0xx_HAL_Driver/stm32l0xx_hal_rtc.o
                0x0000000008006610                HAL_RTC_DeactivateAlarm
 .text.HAL_RTC_WaitForSynchro
                0x00000000080066d4       0x34 Drivers/STM32L0xx_HAL_Driver/stm32l0xx_hal_rtc.o
                0x00000000080066d4                HAL_RTC_WaitForSynchro
 .text.RTC_EnterInitMode
                0x0000000008006708       0x38 Drivers/STM32L0xx_HAL_Driver/stm32l0xx_hal_rtc.o
                0x0000000008006708                RTC_EnterInitMode
 .text.HAL_RTC_Init
                0x0000000008006740       0xb8 Drivers/STM32L0xx_HAL_Driver/stm32l0xx_hal_rtc.o
                0x0000000008006740                HAL_RTC_Init
 .text.RTC_ByteToBcd2
                0x00000000080067f8       0x16 Drivers/STM32L0xx_HAL_Driver/stm32l0xx_hal_rtc.o
                0x00000000080067f8                RTC_ByteToBcd2
 *fill*         0x000000000800680e        0x2 
 .text.HAL_RTC_SetTime
                0x0000000008006810      0x10c Drivers/STM32L0xx_HAL_Driver/stm32l0xx_hal_rtc.o
                0x0000000008006810                HAL_RTC_SetTime
 .text.HAL_RTC_SetDate
                0x000000000800691c       0xd8 Drivers/STM32L0xx_HAL_Driver/stm32l0xx_hal_rtc.o
                0x000000000800691c                HAL_RTC_SetDate
 .text.HAL_RTC_SetAlarm_IT
                0x00000000080069f4      0x1ac Drivers/STM32L0xx_HAL_Driver/stm32l0xx_hal_rtc.o
                0x00000000080069f4                HAL_RTC_SetAlarm_IT
 .text.RTC_Bcd2ToByte
                0x0000000008006ba0       0x12 Drivers/STM32L0xx_HAL_Driver/stm32l0xx_hal_rtc.o
                0x0000000008006ba0                RTC_Bcd2ToByte
 *fill*         0x0000000008006bb2        0x2 
 .text.HAL_RTC_GetTime
                0x0000000008006bb4       0x54 Drivers/STM32L0xx_HAL_Driver/stm32l0xx_hal_rtc.o
                0x0000000008006bb4                HAL_RTC_GetTime
 .text.HAL_RTC_GetDate
                0x0000000008006c08       0x44 Drivers/STM32L0xx_HAL_Driver/stm32l0xx_hal_rtc.o
                0x0000000008006c08                HAL_RTC_GetDate
 .text.HAL_RTCEx_EnableBypassShadow
                0x0000000008006c4c       0x34 Drivers/STM32L0xx_HAL_Driver/stm32l0xx_hal_rtc_ex.o
                0x0000000008006c4c                HAL_RTCEx_EnableBypassShadow
 .text.HAL_UART_Receive_IT
                0x0000000008006c80       0xc8 Drivers/STM32L0xx_HAL_Driver/stm32l0xx_hal_uart.o
                0x0000000008006c80                HAL_UART_Receive_IT
 .text.HAL_UART_RxCpltCallback
                0x0000000008006d48        0x2 Drivers/STM32L0xx_HAL_Driver/stm32l0xx_hal_uart.o
                0x0000000008006d48                HAL_UART_RxCpltCallback
 *fill*         0x0000000008006d4a        0x2 
 .text.UART_RxISR_8BIT
                0x0000000008006d4c       0x60 Drivers/STM32L0xx_HAL_Driver/stm32l0xx_hal_uart.o
 .text.UART_RxISR_16BIT
                0x0000000008006dac       0x5c Drivers/STM32L0xx_HAL_Driver/stm32l0xx_hal_uart.o
 .text.UART_SetConfig
                0x0000000008006e08      0x26c Drivers/STM32L0xx_HAL_Driver/stm32l0xx_hal_uart.o
                0x0000000008006e08                UART_SetConfig
 .text.UART_AdvFeatureConfig
                0x0000000008007074       0xd0 Drivers/STM32L0xx_HAL_Driver/stm32l0xx_hal_uart.o
                0x0000000008007074                UART_AdvFeatureConfig
 .text.UART_WaitOnFlagUntilTimeout
                0x0000000008007144       0x5c Drivers/STM32L0xx_HAL_Driver/stm32l0xx_hal_uart.o
                0x0000000008007144                UART_WaitOnFlagUntilTimeout
 .text.HAL_UART_Transmit
                0x00000000080071a0       0xda Drivers/STM32L0xx_HAL_Driver/stm32l0xx_hal_uart.o
                0x00000000080071a0                HAL_UART_Transmit
 *fill*         0x000000000800727a        0x2 
 .text.UART_CheckIdleState
                0x000000000800727c       0x60 Drivers/STM32L0xx_HAL_Driver/stm32l0xx_hal_uart.o
                0x000000000800727c                UART_CheckIdleState
 .text.HAL_UART_Init
                0x00000000080072dc       0x64 Drivers/STM32L0xx_HAL_Driver/stm32l0xx_hal_uart.o
                0x00000000080072dc                HAL_UART_Init
 .text.HAL_UARTEx_EnableStopMode
                0x0000000008007340       0x20 Drivers/STM32L0xx_HAL_Driver/stm32l0xx_hal_uart_ex.o
                0x0000000008007340                HAL_UARTEx_EnableStopMode
 .text.LPM_SetOffMode
                0x0000000008007360       0x2c Middlewares/loRaWAN/Utilities/low_power_manager.o
                0x0000000008007360                LPM_SetOffMode
 .text.LPM_SetStopMode
                0x000000000800738c       0x2c Middlewares/loRaWAN/Utilities/low_power_manager.o
                0x000000000800738c                LPM_SetStopMode
 .text.LPM_GetMode
                0x00000000080073b8       0x24 Middlewares/loRaWAN/Utilities/low_power_manager.o
                0x00000000080073b8                LPM_GetMode
 .text.LPM_ExitSleepMode
                0x00000000080073dc        0x2 Middlewares/loRaWAN/Utilities/low_power_manager.o
                0x00000000080073dc                LPM_ExitSleepMode
 .text.LPM_EnterOffMode
                0x00000000080073de        0x2 Middlewares/loRaWAN/Utilities/low_power_manager.o
                0x00000000080073de                LPM_EnterOffMode
 .text.LPM_ExitOffMode
                0x00000000080073e0        0x2 Middlewares/loRaWAN/Utilities/low_power_manager.o
                0x00000000080073e0                LPM_ExitOffMode
 *fill*         0x00000000080073e2        0x2 
 .text.LPM_EnterLowPower
                0x00000000080073e4       0x34 Middlewares/loRaWAN/Utilities/low_power_manager.o
                0x00000000080073e4                LPM_EnterLowPower
 .text.TimerSetTimeout
                0x0000000008007418       0x2a Middlewares/loRaWAN/Utilities/timeServer.o
 *fill*         0x0000000008007442        0x2 
 .text.TimerInsertNewHeadTimer
                0x0000000008007444       0x1c Middlewares/loRaWAN/Utilities/timeServer.o
 .text.TimerInit
                0x0000000008007460       0x10 Middlewares/loRaWAN/Utilities/timeServer.o
                0x0000000008007460                TimerInit
 .text.TimerStart
                0x0000000008007470       0x74 Middlewares/loRaWAN/Utilities/timeServer.o
                0x0000000008007470                TimerStart
 .text.TimerIrqHandler
                0x00000000080074e4       0x7c Middlewares/loRaWAN/Utilities/timeServer.o
                0x00000000080074e4                TimerIrqHandler
 .text.TimerStop
                0x0000000008007560       0x58 Middlewares/loRaWAN/Utilities/timeServer.o
                0x0000000008007560                TimerStop
 .text.TimerSetValue
                0x00000000080075b8       0x22 Middlewares/loRaWAN/Utilities/timeServer.o
                0x00000000080075b8                TimerSetValue
 .text.memcpy1  0x00000000080075da       0x12 Middlewares/loRaWAN/Utilities/utilities.o
                0x00000000080075da                memcpy1
 .text.__libc_init_array
                0x00000000080075ec       0x48 c:/st/stm32cubeide_1.6.0/stm32cubeide/plugins/com.st.stm32cube.ide.mcu.externaltools.gnu-tools-for-stm32.9-2020-q2-update.win32_1.5.0.202011040924/tools/bin/../lib/gcc/arm-none-eabi/9.3.1/../../../../arm-none-eabi/lib/thumb/v6-m/nofp\libc_nano.a(lib_a-init.o)
                0x00000000080075ec                __libc_init_array
 .text.memset   0x0000000008007634       0x10 c:/st/stm32cubeide_1.6.0/stm32cubeide/plugins/com.st.stm32cube.ide.mcu.externaltools.gnu-tools-for-stm32.9-2020-q2-update.win32_1.5.0.202011040924/tools/bin/../lib/gcc/arm-none-eabi/9.3.1/../../../../arm-none-eabi/lib/thumb/v6-m/nofp\libc_nano.a(lib_a-memset.o)
                0x0000000008007634                memset
 .text.printf   0x0000000008007644       0x34 c:/st/stm32cubeide_1.6.0/stm32cubeide/plugins/com.st.stm32cube.ide.mcu.externaltools.gnu-tools-for-stm32.9-2020-q2-update.win32_1.5.0.202011040924/tools/bin/../lib/gcc/arm-none-eabi/9.3.1/../../../../arm-none-eabi/lib/thumb/v6-m/nofp\libc_nano.a(lib_a-printf.o)
                0x0000000008007644                iprintf
                0x0000000008007644                printf
 .text.strchr   0x0000000008007678       0x1c c:/st/stm32cubeide_1.6.0/stm32cubeide/plugins/com.st.stm32cube.ide.mcu.externaltools.gnu-tools-for-stm32.9-2020-q2-update.win32_1.5.0.202011040924/tools/bin/../lib/gcc/arm-none-eabi/9.3.1/../../../../arm-none-eabi/lib/thumb/v6-m/nofp\libc_nano.a(lib_a-strchr.o)
                0x0000000008007678                strchr
 .text.strcpy   0x0000000008007694       0x10 c:/st/stm32cubeide_1.6.0/stm32cubeide/plugins/com.st.stm32cube.ide.mcu.externaltools.gnu-tools-for-stm32.9-2020-q2-update.win32_1.5.0.202011040924/tools/bin/../lib/gcc/arm-none-eabi/9.3.1/../../../../arm-none-eabi/lib/thumb/v6-m/nofp\libc_nano.a(lib_a-strcpy.o)
                0x0000000008007694                strcpy
 .text.strncmp  0x00000000080076a4       0x22 c:/st/stm32cubeide_1.6.0/stm32cubeide/plugins/com.st.stm32cube.ide.mcu.externaltools.gnu-tools-for-stm32.9-2020-q2-update.win32_1.5.0.202011040924/tools/bin/../lib/gcc/arm-none-eabi/9.3.1/../../../../arm-none-eabi/lib/thumb/v6-m/nofp\libc_nano.a(lib_a-strncmp.o)
                0x00000000080076a4                strncmp
 *fill*         0x00000000080076c6        0x2 
 .text.std      0x00000000080076c8       0x48 c:/st/stm32cubeide_1.6.0/stm32cubeide/plugins/com.st.stm32cube.ide.mcu.externaltools.gnu-tools-for-stm32.9-2020-q2-update.win32_1.5.0.202011040924/tools/bin/../lib/gcc/arm-none-eabi/9.3.1/../../../../arm-none-eabi/lib/thumb/v6-m/nofp\libc_nano.a(lib_a-findfp.o)
 .text._cleanup_r
                0x0000000008007710       0x10 c:/st/stm32cubeide_1.6.0/stm32cubeide/plugins/com.st.stm32cube.ide.mcu.externaltools.gnu-tools-for-stm32.9-2020-q2-update.win32_1.5.0.202011040924/tools/bin/../lib/gcc/arm-none-eabi/9.3.1/../../../../arm-none-eabi/lib/thumb/v6-m/nofp\libc_nano.a(lib_a-findfp.o)
                0x0000000008007710                _cleanup_r
 .text.__sfmoreglue
                0x0000000008007720       0x2c c:/st/stm32cubeide_1.6.0/stm32cubeide/plugins/com.st.stm32cube.ide.mcu.externaltools.gnu-tools-for-stm32.9-2020-q2-update.win32_1.5.0.202011040924/tools/bin/../lib/gcc/arm-none-eabi/9.3.1/../../../../arm-none-eabi/lib/thumb/v6-m/nofp\libc_nano.a(lib_a-findfp.o)
                0x0000000008007720                __sfmoreglue
 .text.__sfp_lock_acquire
                0x000000000800774c       0x10 c:/st/stm32cubeide_1.6.0/stm32cubeide/plugins/com.st.stm32cube.ide.mcu.externaltools.gnu-tools-for-stm32.9-2020-q2-update.win32_1.5.0.202011040924/tools/bin/../lib/gcc/arm-none-eabi/9.3.1/../../../../arm-none-eabi/lib/thumb/v6-m/nofp\libc_nano.a(lib_a-findfp.o)
                0x000000000800774c                __sfp_lock_acquire
 .text.__sfp_lock_release
                0x000000000800775c       0x10 c:/st/stm32cubeide_1.6.0/stm32cubeide/plugins/com.st.stm32cube.ide.mcu.externaltools.gnu-tools-for-stm32.9-2020-q2-update.win32_1.5.0.202011040924/tools/bin/../lib/gcc/arm-none-eabi/9.3.1/../../../../arm-none-eabi/lib/thumb/v6-m/nofp\libc_nano.a(lib_a-findfp.o)
                0x000000000800775c                __sfp_lock_release
 .text.__sinit_lock_acquire
                0x000000000800776c       0x10 c:/st/stm32cubeide_1.6.0/stm32cubeide/plugins/com.st.stm32cube.ide.mcu.externaltools.gnu-tools-for-stm32.9-2020-q2-update.win32_1.5.0.202011040924/tools/bin/../lib/gcc/arm-none-eabi/9.3.1/../../../../arm-none-eabi/lib/thumb/v6-m/nofp\libc_nano.a(lib_a-findfp.o)
                0x000000000800776c                __sinit_lock_acquire
 .text.__sinit_lock_release
                0x000000000800777c       0x10 c:/st/stm32cubeide_1.6.0/stm32cubeide/plugins/com.st.stm32cube.ide.mcu.externaltools.gnu-tools-for-stm32.9-2020-q2-update.win32_1.5.0.202011040924/tools/bin/../lib/gcc/arm-none-eabi/9.3.1/../../../../arm-none-eabi/lib/thumb/v6-m/nofp\libc_nano.a(lib_a-findfp.o)
                0x000000000800777c                __sinit_lock_release
 .text.__sinit  0x000000000800778c       0x70 c:/st/stm32cubeide_1.6.0/stm32cubeide/plugins/com.st.stm32cube.ide.mcu.externaltools.gnu-tools-for-stm32.9-2020-q2-update.win32_1.5.0.202011040924/tools/bin/../lib/gcc/arm-none-eabi/9.3.1/../../../../arm-none-eabi/lib/thumb/v6-m/nofp\libc_nano.a(lib_a-findfp.o)
                0x000000000800778c                __sinit
 .text.__sfp    0x00000000080077fc       0x90 c:/st/stm32cubeide_1.6.0/stm32cubeide/plugins/com.st.stm32cube.ide.mcu.externaltools.gnu-tools-for-stm32.9-2020-q2-update.win32_1.5.0.202011040924/tools/bin/../lib/gcc/arm-none-eabi/9.3.1/../../../../arm-none-eabi/lib/thumb/v6-m/nofp\libc_nano.a(lib_a-findfp.o)
                0x00000000080077fc                __sfp
 .text._fwalk_reent
                0x000000000800788c       0x40 c:/st/stm32cubeide_1.6.0/stm32cubeide/plugins/com.st.stm32cube.ide.mcu.externaltools.gnu-tools-for-stm32.9-2020-q2-update.win32_1.5.0.202011040924/tools/bin/../lib/gcc/arm-none-eabi/9.3.1/../../../../arm-none-eabi/lib/thumb/v6-m/nofp\libc_nano.a(lib_a-fwalk.o)
                0x000000000800788c                _fwalk_reent
 .text.__retarget_lock_init_recursive
                0x00000000080078cc        0x2 c:/st/stm32cubeide_1.6.0/stm32cubeide/plugins/com.st.stm32cube.ide.mcu.externaltools.gnu-tools-for-stm32.9-2020-q2-update.win32_1.5.0.202011040924/tools/bin/../lib/gcc/arm-none-eabi/9.3.1/../../../../arm-none-eabi/lib/thumb/v6-m/nofp\libc_nano.a(lib_a-lock.o)
                0x00000000080078cc                __retarget_lock_init_recursive
 .text.__retarget_lock_acquire_recursive
                0x00000000080078ce        0x2 c:/st/stm32cubeide_1.6.0/stm32cubeide/plugins/com.st.stm32cube.ide.mcu.externaltools.gnu-tools-for-stm32.9-2020-q2-update.win32_1.5.0.202011040924/tools/bin/../lib/gcc/arm-none-eabi/9.3.1/../../../../arm-none-eabi/lib/thumb/v6-m/nofp\libc_nano.a(lib_a-lock.o)
                0x00000000080078ce                __retarget_lock_acquire_recursive
 .text.__retarget_lock_release_recursive
                0x00000000080078d0        0x2 c:/st/stm32cubeide_1.6.0/stm32cubeide/plugins/com.st.stm32cube.ide.mcu.externaltools.gnu-tools-for-stm32.9-2020-q2-update.win32_1.5.0.202011040924/tools/bin/../lib/gcc/arm-none-eabi/9.3.1/../../../../arm-none-eabi/lib/thumb/v6-m/nofp\libc_nano.a(lib_a-lock.o)
                0x00000000080078d0                __retarget_lock_release_recursive
 *fill*         0x00000000080078d2        0x2 
 .text._malloc_r
                0x00000000080078d4       0xbc c:/st/stm32cubeide_1.6.0/stm32cubeide/plugins/com.st.stm32cube.ide.mcu.externaltools.gnu-tools-for-stm32.9-2020-q2-update.win32_1.5.0.202011040924/tools/bin/../lib/gcc/arm-none-eabi/9.3.1/../../../../arm-none-eabi/lib/thumb/v6-m/nofp\libc_nano.a(lib_a-nano-mallocr.o)
                0x00000000080078d4                _malloc_r
 .text.__sfputc_r
                0x0000000008007990       0x2a c:/st/stm32cubeide_1.6.0/stm32cubeide/plugins/com.st.stm32cube.ide.mcu.externaltools.gnu-tools-for-stm32.9-2020-q2-update.win32_1.5.0.202011040924/tools/bin/../lib/gcc/arm-none-eabi/9.3.1/../../../../arm-none-eabi/lib/thumb/v6-m/nofp\libc_nano.a(lib_a-nano-vfprintf.o)
 .text.__sfputs_r
                0x00000000080079ba       0x24 c:/st/stm32cubeide_1.6.0/stm32cubeide/plugins/com.st.stm32cube.ide.mcu.externaltools.gnu-tools-for-stm32.9-2020-q2-update.win32_1.5.0.202011040924/tools/bin/../lib/gcc/arm-none-eabi/9.3.1/../../../../arm-none-eabi/lib/thumb/v6-m/nofp\libc_nano.a(lib_a-nano-vfprintf.o)
                0x00000000080079ba                __sfputs_r
 *fill*         0x00000000080079de        0x2 
 .text._vfprintf_r
                0x00000000080079e0      0x274 c:/st/stm32cubeide_1.6.0/stm32cubeide/plugins/com.st.stm32cube.ide.mcu.externaltools.gnu-tools-for-stm32.9-2020-q2-update.win32_1.5.0.202011040924/tools/bin/../lib/gcc/arm-none-eabi/9.3.1/../../../../arm-none-eabi/lib/thumb/v6-m/nofp\libc_nano.a(lib_a-nano-vfprintf.o)
                0x00000000080079e0                _vfprintf_r
                0x00000000080079e0                _vfiprintf_r
 .text._printf_common
                0x0000000008007c54       0xde c:/st/stm32cubeide_1.6.0/stm32cubeide/plugins/com.st.stm32cube.ide.mcu.externaltools.gnu-tools-for-stm32.9-2020-q2-update.win32_1.5.0.202011040924/tools/bin/../lib/gcc/arm-none-eabi/9.3.1/../../../../arm-none-eabi/lib/thumb/v6-m/nofp\libc_nano.a(lib_a-nano-vfprintf_i.o)
                0x0000000008007c54                _printf_common
 *fill*         0x0000000008007d32        0x2 
 .text._printf_i
                0x0000000008007d34      0x224 c:/st/stm32cubeide_1.6.0/stm32cubeide/plugins/com.st.stm32cube.ide.mcu.externaltools.gnu-tools-for-stm32.9-2020-q2-update.win32_1.5.0.202011040924/tools/bin/../lib/gcc/arm-none-eabi/9.3.1/../../../../arm-none-eabi/lib/thumb/v6-m/nofp\libc_nano.a(lib_a-nano-vfprintf_i.o)
                0x0000000008007d34                _printf_i
 .text._sbrk_r  0x0000000008007f58       0x24 c:/st/stm32cubeide_1.6.0/stm32cubeide/plugins/com.st.stm32cube.ide.mcu.externaltools.gnu-tools-for-stm32.9-2020-q2-update.win32_1.5.0.202011040924/tools/bin/../lib/gcc/arm-none-eabi/9.3.1/../../../../arm-none-eabi/lib/thumb/v6-m/nofp\libc_nano.a(lib_a-sbrkr.o)
                0x0000000008007f58                _sbrk_r
 .text.__sread  0x0000000008007f7c       0x28 c:/st/stm32cubeide_1.6.0/stm32cubeide/plugins/com.st.stm32cube.ide.mcu.externaltools.gnu-tools-for-stm32.9-2020-q2-update.win32_1.5.0.202011040924/tools/bin/../lib/gcc/arm-none-eabi/9.3.1/../../../../arm-none-eabi/lib/thumb/v6-m/nofp\libc_nano.a(lib_a-stdio.o)
                0x0000000008007f7c                __sread
 .text.__swrite
                0x0000000008007fa4       0x38 c:/st/stm32cubeide_1.6.0/stm32cubeide/plugins/com.st.stm32cube.ide.mcu.externaltools.gnu-tools-for-stm32.9-2020-q2-update.win32_1.5.0.202011040924/tools/bin/../lib/gcc/arm-none-eabi/9.3.1/../../../../arm-none-eabi/lib/thumb/v6-m/nofp\libc_nano.a(lib_a-stdio.o)
                0x0000000008007fa4                __swrite
 .text.__sseek  0x0000000008007fdc       0x2c c:/st/stm32cubeide_1.6.0/stm32cubeide/plugins/com.st.stm32cube.ide.mcu.externaltools.gnu-tools-for-stm32.9-2020-q2-update.win32_1.5.0.202011040924/tools/bin/../lib/gcc/arm-none-eabi/9.3.1/../../../../arm-none-eabi/lib/thumb/v6-m/nofp\libc_nano.a(lib_a-stdio.o)
                0x0000000008007fdc                __sseek
 .text.__sclose
                0x0000000008008008        0xc c:/st/stm32cubeide_1.6.0/stm32cubeide/plugins/com.st.stm32cube.ide.mcu.externaltools.gnu-tools-for-stm32.9-2020-q2-update.win32_1.5.0.202011040924/tools/bin/../lib/gcc/arm-none-eabi/9.3.1/../../../../arm-none-eabi/lib/thumb/v6-m/nofp\libc_nano.a(lib_a-stdio.o)
                0x0000000008008008                __sclose
 .text.__swbuf_r
                0x0000000008008014       0xac c:/st/stm32cubeide_1.6.0/stm32cubeide/plugins/com.st.stm32cube.ide.mcu.externaltools.gnu-tools-for-stm32.9-2020-q2-update.win32_1.5.0.202011040924/tools/bin/../lib/gcc/arm-none-eabi/9.3.1/../../../../arm-none-eabi/lib/thumb/v6-m/nofp\libc_nano.a(lib_a-wbuf.o)
                0x0000000008008014                __swbuf_r
 .text._write_r
                0x00000000080080c0       0x28 c:/st/stm32cubeide_1.6.0/stm32cubeide/plugins/com.st.stm32cube.ide.mcu.externaltools.gnu-tools-for-stm32.9-2020-q2-update.win32_1.5.0.202011040924/tools/bin/../lib/gcc/arm-none-eabi/9.3.1/../../../../arm-none-eabi/lib/thumb/v6-m/nofp\libc_nano.a(lib_a-writer.o)
                0x00000000080080c0                _write_r
 .text.__swsetup_r
                0x00000000080080e8       0xf0 c:/st/stm32cubeide_1.6.0/stm32cubeide/plugins/com.st.stm32cube.ide.mcu.externaltools.gnu-tools-for-stm32.9-2020-q2-update.win32_1.5.0.202011040924/tools/bin/../lib/gcc/arm-none-eabi/9.3.1/../../../../arm-none-eabi/lib/thumb/v6-m/nofp\libc_nano.a(lib_a-wsetup.o)
                0x00000000080080e8                __swsetup_r
 .text._close_r
                0x00000000080081d8       0x24 c:/st/stm32cubeide_1.6.0/stm32cubeide/plugins/com.st.stm32cube.ide.mcu.externaltools.gnu-tools-for-stm32.9-2020-q2-update.win32_1.5.0.202011040924/tools/bin/../lib/gcc/arm-none-eabi/9.3.1/../../../../arm-none-eabi/lib/thumb/v6-m/nofp\libc_nano.a(lib_a-closer.o)
                0x00000000080081d8                _close_r
 .text.__sflush_r
                0x00000000080081fc      0x118 c:/st/stm32cubeide_1.6.0/stm32cubeide/plugins/com.st.stm32cube.ide.mcu.externaltools.gnu-tools-for-stm32.9-2020-q2-update.win32_1.5.0.202011040924/tools/bin/../lib/gcc/arm-none-eabi/9.3.1/../../../../arm-none-eabi/lib/thumb/v6-m/nofp\libc_nano.a(lib_a-fflush.o)
                0x00000000080081fc                __sflush_r
 .text._fflush_r
                0x0000000008008314       0x80 c:/st/stm32cubeide_1.6.0/stm32cubeide/plugins/com.st.stm32cube.ide.mcu.externaltools.gnu-tools-for-stm32.9-2020-q2-update.win32_1.5.0.202011040924/tools/bin/../lib/gcc/arm-none-eabi/9.3.1/../../../../arm-none-eabi/lib/thumb/v6-m/nofp\libc_nano.a(lib_a-fflush.o)
                0x0000000008008314                _fflush_r
 .text._lseek_r
                0x0000000008008394       0x28 c:/st/stm32cubeide_1.6.0/stm32cubeide/plugins/com.st.stm32cube.ide.mcu.externaltools.gnu-tools-for-stm32.9-2020-q2-update.win32_1.5.0.202011040924/tools/bin/../lib/gcc/arm-none-eabi/9.3.1/../../../../arm-none-eabi/lib/thumb/v6-m/nofp\libc_nano.a(lib_a-lseekr.o)
                0x0000000008008394                _lseek_r
 .text.__swhatbuf_r
                0x00000000080083bc       0x50 c:/st/stm32cubeide_1.6.0/stm32cubeide/plugins/com.st.stm32cube.ide.mcu.externaltools.gnu-tools-for-stm32.9-2020-q2-update.win32_1.5.0.202011040924/tools/bin/../lib/gcc/arm-none-eabi/9.3.1/../../../../arm-none-eabi/lib/thumb/v6-m/nofp\libc_nano.a(lib_a-makebuf.o)
                0x00000000080083bc                __swhatbuf_r
 .text.__smakebuf_r
                0x000000000800840c       0x88 c:/st/stm32cubeide_1.6.0/stm32cubeide/plugins/com.st.stm32cube.ide.mcu.externaltools.gnu-tools-for-stm32.9-2020-q2-update.win32_1.5.0.202011040924/tools/bin/../lib/gcc/arm-none-eabi/9.3.1/../../../../arm-none-eabi/lib/thumb/v6-m/nofp\libc_nano.a(lib_a-makebuf.o)
                0x000000000800840c                __smakebuf_r
 .text.memchr   0x0000000008008494       0x16 c:/st/stm32cubeide_1.6.0/stm32cubeide/plugins/com.st.stm32cube.ide.mcu.externaltools.gnu-tools-for-stm32.9-2020-q2-update.win32_1.5.0.202011040924/tools/bin/../lib/gcc/arm-none-eabi/9.3.1/../../../../arm-none-eabi/lib/thumb/v6-m/nofp\libc_nano.a(lib_a-memchr-stub.o)
                0x0000000008008494                memchr
 *fill*         0x00000000080084aa        0x2 
 .text.__malloc_lock
                0x00000000080084ac       0x10 c:/st/stm32cubeide_1.6.0/stm32cubeide/plugins/com.st.stm32cube.ide.mcu.externaltools.gnu-tools-for-stm32.9-2020-q2-update.win32_1.5.0.202011040924/tools/bin/../lib/gcc/arm-none-eabi/9.3.1/../../../../arm-none-eabi/lib/thumb/v6-m/nofp\libc_nano.a(lib_a-mlock.o)
                0x00000000080084ac                __malloc_lock
 .text.__malloc_unlock
                0x00000000080084bc       0x10 c:/st/stm32cubeide_1.6.0/stm32cubeide/plugins/com.st.stm32cube.ide.mcu.externaltools.gnu-tools-for-stm32.9-2020-q2-update.win32_1.5.0.202011040924/tools/bin/../lib/gcc/arm-none-eabi/9.3.1/../../../../arm-none-eabi/lib/thumb/v6-m/nofp\libc_nano.a(lib_a-mlock.o)
                0x00000000080084bc                __malloc_unlock
 .text._free_r  0x00000000080084cc       0x94 c:/st/stm32cubeide_1.6.0/stm32cubeide/plugins/com.st.stm32cube.ide.mcu.externaltools.gnu-tools-for-stm32.9-2020-q2-update.win32_1.5.0.202011040924/tools/bin/../lib/gcc/arm-none-eabi/9.3.1/../../../../arm-none-eabi/lib/thumb/v6-m/nofp\libc_nano.a(lib_a-nano-freer.o)
                0x00000000080084cc                _free_r
 .text._read_r  0x0000000008008560       0x28 c:/st/stm32cubeide_1.6.0/stm32cubeide/plugins/com.st.stm32cube.ide.mcu.externaltools.gnu-tools-for-stm32.9-2020-q2-update.win32_1.5.0.202011040924/tools/bin/../lib/gcc/arm-none-eabi/9.3.1/../../../../arm-none-eabi/lib/thumb/v6-m/nofp\libc_nano.a(lib_a-readr.o)
                0x0000000008008560                _read_r
 .text._fstat_r
                0x0000000008008588       0x24 c:/st/stm32cubeide_1.6.0/stm32cubeide/plugins/com.st.stm32cube.ide.mcu.externaltools.gnu-tools-for-stm32.9-2020-q2-update.win32_1.5.0.202011040924/tools/bin/../lib/gcc/arm-none-eabi/9.3.1/../../../../arm-none-eabi/lib/thumb/v6-m/nofp\libc_nano.a(lib_a-fstatr.o)
                0x0000000008008588                _fstat_r
 .text._isatty_r
                0x00000000080085ac       0x24 c:/st/stm32cubeide_1.6.0/stm32cubeide/plugins/com.st.stm32cube.ide.mcu.externaltools.gnu-tools-for-stm32.9-2020-q2-update.win32_1.5.0.202011040924/tools/bin/../lib/gcc/arm-none-eabi/9.3.1/../../../../arm-none-eabi/lib/thumb/v6-m/nofp\libc_nano.a(lib_a-isattyr.o)
                0x00000000080085ac                _isatty_r
 .text._close   0x00000000080085d0       0x10 c:/st/stm32cubeide_1.6.0/stm32cubeide/plugins/com.st.stm32cube.ide.mcu.externaltools.gnu-tools-for-stm32.9-2020-q2-update.win32_1.5.0.202011040924/tools/bin/../lib/gcc/arm-none-eabi/9.3.1/../../../../arm-none-eabi/lib/thumb/v6-m/nofp\libnosys.a(close.o)
                0x00000000080085d0                _close
 .text._fstat   0x00000000080085e0       0x10 c:/st/stm32cubeide_1.6.0/stm32cubeide/plugins/com.st.stm32cube.ide.mcu.externaltools.gnu-tools-for-stm32.9-2020-q2-update.win32_1.5.0.202011040924/tools/bin/../lib/gcc/arm-none-eabi/9.3.1/../../../../arm-none-eabi/lib/thumb/v6-m/nofp\libnosys.a(fstat.o)
                0x00000000080085e0                _fstat
 .text._isatty  0x00000000080085f0       0x10 c:/st/stm32cubeide_1.6.0/stm32cubeide/plugins/com.st.stm32cube.ide.mcu.externaltools.gnu-tools-for-stm32.9-2020-q2-update.win32_1.5.0.202011040924/tools/bin/../lib/gcc/arm-none-eabi/9.3.1/../../../../arm-none-eabi/lib/thumb/v6-m/nofp\libnosys.a(isatty.o)
                0x00000000080085f0                _isatty
 .text._lseek   0x0000000008008600       0x10 c:/st/stm32cubeide_1.6.0/stm32cubeide/plugins/com.st.stm32cube.ide.mcu.externaltools.gnu-tools-for-stm32.9-2020-q2-update.win32_1.5.0.202011040924/tools/bin/../lib/gcc/arm-none-eabi/9.3.1/../../../../arm-none-eabi/lib/thumb/v6-m/nofp\libnosys.a(lseek.o)
                0x0000000008008600                _lseek
 .text._read    0x0000000008008610       0x10 c:/st/stm32cubeide_1.6.0/stm32cubeide/plugins/com.st.stm32cube.ide.mcu.externaltools.gnu-tools-for-stm32.9-2020-q2-update.win32_1.5.0.202011040924/tools/bin/../lib/gcc/arm-none-eabi/9.3.1/../../../../arm-none-eabi/lib/thumb/v6-m/nofp\libnosys.a(read.o)
                0x0000000008008610                _read
 .text._sbrk    0x0000000008008620       0x20 c:/st/stm32cubeide_1.6.0/stm32cubeide/plugins/com.st.stm32cube.ide.mcu.externaltools.gnu-tools-for-stm32.9-2020-q2-update.win32_1.5.0.202011040924/tools/bin/../lib/gcc/arm-none-eabi/9.3.1/../../../../arm-none-eabi/lib/thumb/v6-m/nofp\libnosys.a(sbrk.o)
                0x0000000008008620                _sbrk
 .text._write   0x0000000008008640       0x10 c:/st/stm32cubeide_1.6.0/stm32cubeide/plugins/com.st.stm32cube.ide.mcu.externaltools.gnu-tools-for-stm32.9-2020-q2-update.win32_1.5.0.202011040924/tools/bin/../lib/gcc/arm-none-eabi/9.3.1/../../../../arm-none-eabi/lib/thumb/v6-m/nofp\libnosys.a(write.o)
                0x0000000008008640                _write
 *(.glue_7)
 .glue_7        0x0000000008008650        0x0 linker stubs
 *(.glue_7t)
 .glue_7t       0x0000000008008650        0x0 linker stubs
 *(.eh_frame)
 .eh_frame      0x0000000008008650        0x0 c:/st/stm32cubeide_1.6.0/stm32cubeide/plugins/com.st.stm32cube.ide.mcu.externaltools.gnu-tools-for-stm32.9-2020-q2-update.win32_1.5.0.202011040924/tools/bin/../lib/gcc/arm-none-eabi/9.3.1/thumb/v6-m/nofp/crtbegin.o
 *(.init)
 .init          0x0000000008008650        0x4 c:/st/stm32cubeide_1.6.0/stm32cubeide/plugins/com.st.stm32cube.ide.mcu.externaltools.gnu-tools-for-stm32.9-2020-q2-update.win32_1.5.0.202011040924/tools/bin/../lib/gcc/arm-none-eabi/9.3.1/thumb/v6-m/nofp/crti.o
                0x0000000008008650                _init
 .init          0x0000000008008654        0x8 c:/st/stm32cubeide_1.6.0/stm32cubeide/plugins/com.st.stm32cube.ide.mcu.externaltools.gnu-tools-for-stm32.9-2020-q2-update.win32_1.5.0.202011040924/tools/bin/../lib/gcc/arm-none-eabi/9.3.1/thumb/v6-m/nofp/crtn.o
 *(.fini)