lora_driver.c:2215:13:Lora_OnNextSensorMeasureTimerEvt	8	static
lora_driver.c:2228:13:Lora_OnJoinProtectTimerEvt	8	static
lora_driver.c:2255:13:Lora_OnLedTimerEvent	8	static
lora_driver.c:511:12:LoRa_GetAppID.part.0	48	static
lora_driver.c:150:11:Lora_Init	8	static
lora_driver.c:175:6:Lora_Reset	8	static
lora_driver.c:188:12:Lora_Join	16	static
lora_driver.c:384:12:Lora_JoinAccept	8	static
lora_driver.c:423:12:Lora_SetJoinMode	16	static
lora_driver.c:439:12:Lora_GetJoinMode	8	static
lora_driver.c:457:12:LoRa_SetKey	8	static
lora_driver.c:471:12:LoRa_GetKey	72	static
lora_driver.c:497:12:LoRa_SetAppID	8	static
lora_driver.c:511:12:LoRa_GetAppID	16	static
lora_driver.c:564:12:LoRa_SetDeviceID	8	static
lora_driver.c:577:12:LoRa_GetDeviceID	16	static
lora_driver.c:632:12:LoRa_SetDeviceAddress	16	static
lora_driver.c:645:12:LoRa_GetDeviceAddress	24	static
lora_driver.c:682:12:LoRa_SetNetworkID	16	static
lora_driver.c:696:12:LoRa_GetNetworkID	24	static
lora_driver.c:723:12:Lora_SetAdaptiveDataRate	16	static
lora_driver.c:737:12:Lora_GetAdaptiveDataRate	8	static
lora_driver.c:750:12:Lora_SetClass	16	static
lora_driver.c:764:12:Lora_GetClass	8	static
lora_driver.c:778:12:Lora_SetDutyCycle	16	static
lora_driver.c:793:12:Lora_GetDutyCycle	8	static
lora_driver.c:807:12:Lora_SetDataRate	16	static
lora_driver.c:821:12:Lora_GetDataRate	8	static
lora_driver.c:874:12:LoRa_SetJoinDelayRxWind	16	static
lora_driver.c:834:12:LoRa_SetFrameCounter	8	static
lora_driver.c:889:12:LoRa_GetJoinDelayRxWind	16	static
lora_driver.c:848:12:LoRa_GetFrameCounter	8	static
lora_driver.c:910:12:Lora_SetPublicNetworkMode	16	static
lora_driver.c:923:12:Lora_GetPublicNetworkMode	8	static
lora_driver.c:937:12:LoRa_SetDelayRxWind	8	static
lora_driver.c:952:12:LoRa_GetDelayRxWind	8	static
lora_driver.c:977:12:LoRa_SetFreqRxWind2	16	static
lora_driver.c:991:12:LoRa_GetFreqRxWind2	16	static
lora_driver.c:1013:12:Lora_SetTxPower	16	static
lora_driver.c:1026:12:Lora_GetTxPower	8	static
lora_driver.c:1038:12:Lora_SetDataRateRxWind2	16	static
lora_driver.c:1052:12:Lora_GetDataRateRxWind2	8	static
lora_driver.c:1144:12:Lora_GetBatLevel	16	static
lora_driver.c:1190:12:Lora_SendData	8	static
lora_driver.c:1206:12:Lora_SendDataBin	8	static
lora_driver.c:1395:12:Lora_ReceivedData	24	static
lora_driver.c:1424:12:Lora_AsyncDownLinkData	24	static
lora_driver.c:1457:12:Lora_ReceivedDataBin	40	static
lora_driver.c:1496:12:Lora_SetSendMsgConfirm	16	static
lora_driver.c:1510:12:Lora_GetSendMsgConfirm	8	static
lora_driver.c:1524:12:Lora_GetSendMsgStatus	8	static
lora_driver.c:1537:12:Lora_GetRSSI	16	static
lora_driver.c:1560:12:Lora_GetSNR	16	static
lora_driver.c:1582:12:Lora_GetVersion	16	static
lora_driver.c:1627:12:Lora_GetFWVersion	16	static
lora_driver.c:1665:12:Lora_SetDeviceBand	16	static
lora_driver.c:1680:12:Lora_GetDeviceBand	8	static
lora_driver.c:1734:12:Lora_SleepMode	8	static
lora_driver.c:1749:12:Lora_SetMCUPowerCtrl	8	static
lora_driver.c:1765:12:LoRa_DumyRequest	16	static
lora_driver.c:1788:12:Lora_RestoreConfigTable	16	static
lora_driver.c:1803:12:Lora_UpdateConfigTable	8	static
lora_driver.c:1831:6:Lora_fsm	120	static
lora_driver.c:2138:6:Lora_Ctx_Init	16	static
lora_driver.c:2201:15:lora_getDeviceState	0	static
